
 Start         Length     Name                   Class
 0001:00000000 000B90CCH .text                   CODE
 0002:00000000 00018118H .data                   DATA
 0002:00018118 00000CC1H .bss                    BSS


Detailed map of segments

 0001:00000000 000058EF C=CODE     S=.text    G=(none)   M=System   ACBP=A9
 0001:000058F0 000001CC C=CODE     S=.text    G=(none)   M=SysInit  ACBP=A9
 0001:00005ABC 00000078 C=CODE     S=.text    G=(none)   M=Types    ACBP=A9
 0001:00005B34 00000CAC C=CODE     S=.text    G=(none)   M=Windows  ACBP=A9
 0001:000067E0 00000390 C=CODE     S=.text    G=(none)   M=SysConst ACBP=A9
 0001:00006B70 00007A24 C=CODE     S=.text    G=(none)   M=SysUtils ACBP=A9
 0001:0000E594 00000038 C=CODE     S=.text    G=(none)   M=Messages ACBP=A9
 0001:0000E5CC 0000082B C=CODE     S=.text    G=(none)   M=VarUtils ACBP=A9
 0001:0000EDF8 0000949A C=CODE     S=.text    G=(none)   M=Variants ACBP=A9
 0001:00018294 00000150 C=CODE     S=.text    G=(none)   M=RTLConsts ACBP=A9
 0001:000183E4 0000183C C=CODE     S=.text    G=(none)   M=TypInfo  ACBP=A9
 0001:00019C20 000000C0 C=CODE     S=.text    G=(none)   M=ActiveX  ACBP=A9
 0001:00019CE0 0000B99E C=CODE     S=.text    G=(none)   M=Classes  ACBP=A9
 0001:00025680 00000098 C=CODE     S=.text    G=(none)   M=DECConst ACBP=A9
 0001:00025718 000022A9 C=CODE     S=.text    G=(none)   M=DECUtil  ACBP=A9
 0001:000279C4 0000E48C C=CODE     S=.text    G=(none)   M=Hash     ACBP=A9
 0001:00035E50 00006114 C=CODE     S=.text    G=(none)   M=Cipher   ACBP=A9
 0001:0003BF64 000005F0 C=CODE     S=.text    G=(none)   M=HCMngr   ACBP=A9
 0001:0003C554 000009E0 C=CODE     S=.text    G=(none)   M=MaskUtils ACBP=A9
 0001:0003CF34 00000048 C=CODE     S=.text    G=(none)   M=Math     ACBP=A9
 0001:0003CF7C 00000070 C=CODE     S=.text    G=(none)   M=DateUtils ACBP=A9
 0001:0003CFEC 000001A0 C=CODE     S=.text    G=(none)   M=DBConsts ACBP=A9
 0001:0003D18C 00000F73 C=CODE     S=.text    G=(none)   M=SqlTimSt ACBP=A9
 0001:0003E100 00004AFB C=CODE     S=.text    G=(none)   M=FMTBcd   ACBP=A9
 0001:00042BFC 00000058 C=CODE     S=.text    G=(none)   M=ComConst ACBP=A9
 0001:00042C54 00000FE5 C=CODE     S=.text    G=(none)   M=ComObj   ACBP=A9
 0001:00043C3C 00014460 C=CODE     S=.text    G=(none)   M=DB       ACBP=A9
 0001:0005809C 000000C4 C=CODE     S=.text    G=(none)   M=OleDB    ACBP=A9
 0001:00058160 00000250 C=CODE     S=.text    G=(none)   M=ADOInt   ACBP=A9
 0001:000583B0 000009CC C=CODE     S=.text    G=(none)   M=DBCommon ACBP=A9
 0001:00058D7C 00000160 C=CODE     S=.text    G=(none)   M=Mtx      ACBP=A9
 0001:00058EDC 000000B0 C=CODE     S=.text    G=(none)   M=ADOConst ACBP=A9
 0001:00058F8C 0001039E C=CODE     S=.text    G=(none)   M=ADODB    ACBP=A9
 0001:0006932C 0000034C C=CODE     S=.text    G=(none)   M=SyncObjs ACBP=A9
 0001:00069678 00000787 C=CODE     S=.text    G=(none)   M=MultiMon ACBP=A9
 0001:00069E00 00000290 C=CODE     S=.text    G=(none)   M=Consts   ACBP=A9
 0001:0006A090 00007283 C=CODE     S=.text    G=(none)   M=Graphics ACBP=A9
 0001:00071314 000002B8 C=CODE     S=.text    G=(none)   M=Contnrs  ACBP=A9
 0001:000715CC 000000F4 C=CODE     S=.text    G=(none)   M=CommCtrl ACBP=A9
 0001:000716C0 00000038 C=CODE     S=.text    G=(none)   M=Imm      ACBP=A9
 0001:000716F8 00000FF8 C=CODE     S=.text    G=(none)   M=HelpIntfs ACBP=A9
 0001:000726F0 00000038 C=CODE     S=.text    G=(none)   M=WinSpool ACBP=A9
 0001:00072728 00000044 C=CODE     S=.text    G=(none)   M=Printers ACBP=A9
 0001:0007276C 0000031F C=CODE     S=.text    G=(none)   M=FlatSB   ACBP=A9
 0001:00072A8C 000009BB C=CODE     S=.text    G=(none)   M=UxTheme  ACBP=A9
 0001:00073448 00000038 C=CODE     S=.text    G=(none)   M=RichEdit ACBP=A9
 0001:00073480 00000038 C=CODE     S=.text    G=(none)   M=ToolWin  ACBP=A9
 0001:000734B8 00000038 C=CODE     S=.text    G=(none)   M=ShellAPI ACBP=A9
 0001:000734F0 00000038 C=CODE     S=.text    G=(none)   M=RegStr   ACBP=A9
 0001:00073528 00000038 C=CODE     S=.text    G=(none)   M=WinInet  ACBP=A9
 0001:00073560 00000038 C=CODE     S=.text    G=(none)   M=UrlMon   ACBP=A9
 0001:00073598 00000038 C=CODE     S=.text    G=(none)   M=ShlObj   ACBP=A9
 0001:000735D0 00000038 C=CODE     S=.text    G=(none)   M=CommDlg  ACBP=A9
 0001:00073608 00000038 C=CODE     S=.text    G=(none)   M=Dlgs     ACBP=A9
 0001:00073640 0000066D C=CODE     S=.text    G=(none)   M=Dialogs  ACBP=A9
 0001:00073CB0 00000038 C=CODE     S=.text    G=(none)   M=ComStrs  ACBP=A9
 0001:00073CE8 00000094 C=CODE     S=.text    G=(none)   M=Clipbrd  ACBP=A9
 0001:00073D7C 00000038 C=CODE     S=.text    G=(none)   M=StrUtils ACBP=A9
 0001:00073DB4 000000F5 C=CODE     S=.text    G=(none)   M=Buttons  ACBP=A9
 0001:00073EAC 00000038 C=CODE     S=.text    G=(none)   M=ExtDlgs  ACBP=A9
 0001:00073EE4 00001014 C=CODE     S=.text    G=(none)   M=IniFiles ACBP=A9
 0001:00074EF8 00000068 C=CODE     S=.text    G=(none)   M=Registry ACBP=A9
 0001:00074F60 0000006C C=CODE     S=.text    G=(none)   M=Mapi     ACBP=A9
 0001:00074FCC 00000058 C=CODE     S=.text    G=(none)   M=ExtActns ACBP=A9
 0001:00075024 00000038 C=CODE     S=.text    G=(none)   M=ListActns ACBP=A9
 0001:0007505C 00000180 C=CODE     S=.text    G=(none)   M=ComCtrls ACBP=A9
 0001:000751DC 00000A0C C=CODE     S=.text    G=(none)   M=Themes   ACBP=A9
 0001:00075BE8 00000038 C=CODE     S=.text    G=(none)   M=StdCtrls ACBP=A9
 0001:00075C20 00000168 C=CODE     S=.text    G=(none)   M=StdActns ACBP=A9
 0001:00075D88 00000D1F C=CODE     S=.text    G=(none)   M=WinHelpViewer ACBP=A9
 0001:00076AA8 00001292 C=CODE     S=.text    G=(none)   M=ActnList ACBP=A9
 0001:00077D3C 0000C26C C=CODE     S=.text    G=(none)   M=Forms    ACBP=A9
 0001:00083FA8 000016E4 C=CODE     S=.text    G=(none)   M=ImgList  ACBP=A9
 0001:0008568C 00006639 C=CODE     S=.text    G=(none)   M=Menus    ACBP=A9
 0001:0008BCC8 00010467 C=CODE     S=.text    G=(none)   M=Controls ACBP=A9
 0001:0009C130 00000652 C=CODE     S=.text    G=(none)   M=ExtCtrls ACBP=A9
 0001:0009C784 00001224 C=CODE     S=.text    G=(none)   M=LogUnit  ACBP=A9
 0001:0009D9A8 000000C8 C=CODE     S=.text    G=(none)   M=XMLConst ACBP=A9
 0001:0009DA70 000001E8 C=CODE     S=.text    G=(none)   M=msxml    ACBP=A9
 0001:0009DC58 00007581 C=CODE     S=.text    G=(none)   M=msxmldom ACBP=A9
 0001:000A51DC 00000BAB C=CODE     S=.text    G=(none)   M=xmldom   ACBP=A9
 0001:000A5D88 00000328 C=CODE     S=.text    G=(none)   M=XMLIntf  ACBP=A9
 0001:000A60B0 0000078C C=CODE     S=.text    G=(none)   M=XMLSchemaTags ACBP=A9
 0001:000A683C 000002B4 C=CODE     S=.text    G=(none)   M=XMLSchema ACBP=A9
 0001:000A6AF0 00007DB0 C=CODE     S=.text    G=(none)   M=XMLDoc   ACBP=A9
 0001:000AE8A0 00001438 C=CODE     S=.text    G=(none)   M=SettingUnit ACBP=A9
 0001:000AFCD8 00000CD0 C=CODE     S=.text    G=(none)   M=DataUnit ACBP=A9
 0001:000B09A8 00000A04 C=CODE     S=.text    G=(none)   M=QueryUnit ACBP=A9
 0001:000B13AC 0000314C C=CODE     S=.text    G=(none)   M=Facade   ACBP=A9
 0001:000B44F8 000048B1 C=CODE     S=.text    G=(none)   M=FuncImpl ACBP=A9
 0001:000B8DAC 0000031D C=CODE     S=.text    G=(none)   M=SMEntry  ACBP=A9
 0002:00000000 0000009C C=DATA     S=.data    G=DGROUP   M=System   ACBP=A9
 0002:0000009C 00000030 C=DATA     S=.data    G=DGROUP   M=SysInit  ACBP=A9
 0002:000000CC 00000270 C=DATA     S=.data    G=DGROUP   M=SysUtils ACBP=A9
 0002:0000033C 00000110 C=DATA     S=.data    G=DGROUP   M=VarUtils ACBP=A9
 0002:0000044C 000001B6 C=DATA     S=.data    G=DGROUP   M=Variants ACBP=A9
 0002:00000604 0000000C C=DATA     S=.data    G=DGROUP   M=TypInfo  ACBP=A9
 0002:00000610 00000010 C=DATA     S=.data    G=DGROUP   M=ActiveX  ACBP=A9
 0002:00000620 000000E4 C=DATA     S=.data    G=DGROUP   M=Classes  ACBP=A9
 0002:00000704 00000020 C=DATA     S=.data    G=DGROUP   M=DECUtil  ACBP=A9
 0002:00000724 0000779C C=DATA     S=.data    G=DGROUP   M=Hash     ACBP=A9
 0002:00007EC0 0000EA90 C=DATA     S=.data    G=DGROUP   M=Cipher   ACBP=A9
 0002:00016950 00000005 C=DATA     S=.data    G=DGROUP   M=MaskUtils ACBP=A9
 0002:00016958 0000003C C=DATA     S=.data    G=DGROUP   M=SqlTimSt ACBP=A9
 0002:00016994 00000065 C=DATA     S=.data    G=DGROUP   M=FMTBcd   ACBP=A9
 0002:000169FC 00000030 C=DATA     S=.data    G=DGROUP   M=ComObj   ACBP=A9
 0002:00016A2C 0000021E C=DATA     S=.data    G=DGROUP   M=DB       ACBP=A9
 0002:00016C4C 00000010 C=DATA     S=.data    G=DGROUP   M=OleDB    ACBP=A9
 0002:00016C5C 00000060 C=DATA     S=.data    G=DGROUP   M=ADOInt   ACBP=A9
 0002:00016CBC 00000020 C=DATA     S=.data    G=DGROUP   M=Mtx      ACBP=A9
 0002:00016CDC 00000294 C=DATA     S=.data    G=DGROUP   M=ADODB    ACBP=A9
 0002:00016F70 00000304 C=DATA     S=.data    G=DGROUP   M=Graphics ACBP=A9
 0002:00017274 00000004 C=DATA     S=.data    G=DGROUP   M=Printers ACBP=A9
 0002:00017278 00000074 C=DATA     S=.data    G=DGROUP   M=Dialogs  ACBP=A9
 0002:000172EC 0000002C C=DATA     S=.data    G=DGROUP   M=Buttons  ACBP=A9
 0002:00017318 00000008 C=DATA     S=.data    G=DGROUP   M=IniFiles ACBP=A9
 0002:00017320 00000008 C=DATA     S=.data    G=DGROUP   M=Registry ACBP=A9
 0002:00017328 00000008 C=DATA     S=.data    G=DGROUP   M=Mapi     ACBP=A9
 0002:00017330 00000018 C=DATA     S=.data    G=DGROUP   M=ComCtrls ACBP=A9
 0002:00017348 00000068 C=DATA     S=.data    G=DGROUP   M=Themes   ACBP=A9
 0002:000173B0 0000011C C=DATA     S=.data    G=DGROUP   M=Forms    ACBP=A9
 0002:000174CC 00000020 C=DATA     S=.data    G=DGROUP   M=ImgList  ACBP=A9
 0002:000174EC 000000EC C=DATA     S=.data    G=DGROUP   M=Menus    ACBP=A9
 0002:000175D8 0000013C C=DATA     S=.data    G=DGROUP   M=Controls ACBP=A9
 0002:00017714 00000178 C=DATA     S=.data    G=DGROUP   M=ExtCtrls ACBP=A9
 0002:0001788C 00000010 C=DATA     S=.data    G=DGROUP   M=msxml    ACBP=A9
 0002:0001789C 00000064 C=DATA     S=.data    G=DGROUP   M=msxmldom ACBP=A9
 0002:00017900 00000034 C=DATA     S=.data    G=DGROUP   M=XMLIntf  ACBP=A9
 0002:00017934 000000E4 C=DATA     S=.data    G=DGROUP   M=XMLSchemaTags ACBP=A9
 0002:00017A18 0000004C C=DATA     S=.data    G=DGROUP   M=XMLSchema ACBP=A9
 0002:00017A64 00000030 C=DATA     S=.data    G=DGROUP   M=XMLDoc   ACBP=A9
 0002:00019000 00000664 C=BSS      S=.bss     G=DGROUP   M=System   ACBP=A9
 0002:00019664 00000014 C=BSS      S=.bss     G=DGROUP   M=SysInit  ACBP=A9
 0002:00019678 00000004 C=BSS      S=.bss     G=DGROUP   M=Types    ACBP=A9
 0002:0001967C 00000004 C=BSS      S=.bss     G=DGROUP   M=Windows  ACBP=A9
 0002:00019680 00000004 C=BSS      S=.bss     G=DGROUP   M=SysConst ACBP=A9
 0002:00019684 00000120 C=BSS      S=.bss     G=DGROUP   M=SysUtils ACBP=A9
 0002:000197A4 00000004 C=BSS      S=.bss     G=DGROUP   M=Messages ACBP=A9
 0002:000197A8 0000005C C=BSS      S=.bss     G=DGROUP   M=VarUtils ACBP=A9
 0002:00019804 00000040 C=BSS      S=.bss     G=DGROUP   M=Variants ACBP=A9
 0002:00019844 00000004 C=BSS      S=.bss     G=DGROUP   M=RTLConsts ACBP=A9
 0002:00019848 00000004 C=BSS      S=.bss     G=DGROUP   M=TypInfo  ACBP=A9
 0002:0001984C 00000004 C=BSS      S=.bss     G=DGROUP   M=ActiveX  ACBP=A9
 0002:00019850 00000044 C=BSS      S=.bss     G=DGROUP   M=Classes  ACBP=A9
 0002:00019894 00000004 C=BSS      S=.bss     G=DGROUP   M=DECConst ACBP=A9
 0002:00019898 00000004 C=BSS      S=.bss     G=DGROUP   M=DECUtil  ACBP=A9
 0002:0001989C 00000004 C=BSS      S=.bss     G=DGROUP   M=Hash     ACBP=A9
 0002:000198A0 00000004 C=BSS      S=.bss     G=DGROUP   M=Cipher   ACBP=A9
 0002:000198A4 00000004 C=BSS      S=.bss     G=DGROUP   M=HCMngr   ACBP=A9
 0002:000198A8 00000004 C=BSS      S=.bss     G=DGROUP   M=MaskUtils ACBP=A9
 0002:000198AC 00000004 C=BSS      S=.bss     G=DGROUP   M=Math     ACBP=A9
 0002:000198B0 00000004 C=BSS      S=.bss     G=DGROUP   M=DateUtils ACBP=A9
 0002:000198B4 00000004 C=BSS      S=.bss     G=DGROUP   M=DBConsts ACBP=A9
 0002:000198B8 00000004 C=BSS      S=.bss     G=DGROUP   M=SqlTimSt ACBP=A9
 0002:000198BC 00000004 C=BSS      S=.bss     G=DGROUP   M=FMTBcd   ACBP=A9
 0002:000198C0 00000004 C=BSS      S=.bss     G=DGROUP   M=ComConst ACBP=A9
 0002:000198C4 00000011 C=BSS      S=.bss     G=DGROUP   M=ComObj   ACBP=A9
 0002:000198D8 00000010 C=BSS      S=.bss     G=DGROUP   M=DB       ACBP=A9
 0002:000198E8 00000004 C=BSS      S=.bss     G=DGROUP   M=OleDB    ACBP=A9
 0002:000198EC 00000004 C=BSS      S=.bss     G=DGROUP   M=ADOInt   ACBP=A9
 0002:000198F0 00000004 C=BSS      S=.bss     G=DGROUP   M=DBCommon ACBP=A9
 0002:000198F4 00000004 C=BSS      S=.bss     G=DGROUP   M=Mtx      ACBP=A9
 0002:000198F8 00000004 C=BSS      S=.bss     G=DGROUP   M=ADOConst ACBP=A9
 0002:000198FC 00000008 C=BSS      S=.bss     G=DGROUP   M=ADODB    ACBP=A9
 0002:00019904 00000004 C=BSS      S=.bss     G=DGROUP   M=SyncObjs ACBP=A9
 0002:00019908 00000031 C=BSS      S=.bss     G=DGROUP   M=MultiMon ACBP=A9
 0002:0001993C 00000004 C=BSS      S=.bss     G=DGROUP   M=Consts   ACBP=A9
 0002:00019940 00000060 C=BSS      S=.bss     G=DGROUP   M=Graphics ACBP=A9
 0002:000199A0 00000004 C=BSS      S=.bss     G=DGROUP   M=Contnrs  ACBP=A9
 0002:000199A4 00000004 C=BSS      S=.bss     G=DGROUP   M=CommCtrl ACBP=A9
 0002:000199A8 00000004 C=BSS      S=.bss     G=DGROUP   M=Imm      ACBP=A9
 0002:000199AC 00000008 C=BSS      S=.bss     G=DGROUP   M=HelpIntfs ACBP=A9
 0002:000199B4 00000004 C=BSS      S=.bss     G=DGROUP   M=WinSpool ACBP=A9
 0002:000199B8 00000004 C=BSS      S=.bss     G=DGROUP   M=Printers ACBP=A9
 0002:000199BC 00000034 C=BSS      S=.bss     G=DGROUP   M=FlatSB   ACBP=A9
 0002:000199F0 000000CC C=BSS      S=.bss     G=DGROUP   M=UxTheme  ACBP=A9
 0002:00019ABC 00000004 C=BSS      S=.bss     G=DGROUP   M=RichEdit ACBP=A9
 0002:00019AC0 00000004 C=BSS      S=.bss     G=DGROUP   M=ToolWin  ACBP=A9
 0002:00019AC4 00000004 C=BSS      S=.bss     G=DGROUP   M=ShellAPI ACBP=A9
 0002:00019AC8 00000004 C=BSS      S=.bss     G=DGROUP   M=RegStr   ACBP=A9
 0002:00019ACC 00000004 C=BSS      S=.bss     G=DGROUP   M=WinInet  ACBP=A9
 0002:00019AD0 00000004 C=BSS      S=.bss     G=DGROUP   M=UrlMon   ACBP=A9
 0002:00019AD4 00000004 C=BSS      S=.bss     G=DGROUP   M=ShlObj   ACBP=A9
 0002:00019AD8 00000004 C=BSS      S=.bss     G=DGROUP   M=CommDlg  ACBP=A9
 0002:00019ADC 00000004 C=BSS      S=.bss     G=DGROUP   M=Dlgs     ACBP=A9
 0002:00019AE0 0000000C C=BSS      S=.bss     G=DGROUP   M=Dialogs  ACBP=A9
 0002:00019AEC 00000004 C=BSS      S=.bss     G=DGROUP   M=ComStrs  ACBP=A9
 0002:00019AF0 0000000C C=BSS      S=.bss     G=DGROUP   M=Clipbrd  ACBP=A9
 0002:00019AFC 00000004 C=BSS      S=.bss     G=DGROUP   M=StrUtils ACBP=A9
 0002:00019B00 00000030 C=BSS      S=.bss     G=DGROUP   M=Buttons  ACBP=A9
 0002:00019B30 00000004 C=BSS      S=.bss     G=DGROUP   M=ExtDlgs  ACBP=A9
 0002:00019B34 00000004 C=BSS      S=.bss     G=DGROUP   M=IniFiles ACBP=A9
 0002:00019B38 00000004 C=BSS      S=.bss     G=DGROUP   M=Registry ACBP=A9
 0002:00019B3C 00000004 C=BSS      S=.bss     G=DGROUP   M=Mapi     ACBP=A9
 0002:00019B40 00000009 C=BSS      S=.bss     G=DGROUP   M=ExtActns ACBP=A9
 0002:00019B4C 00000004 C=BSS      S=.bss     G=DGROUP   M=ListActns ACBP=A9
 0002:00019B50 00000010 C=BSS      S=.bss     G=DGROUP   M=ComCtrls ACBP=A9
 0002:00019B60 00000008 C=BSS      S=.bss     G=DGROUP   M=Themes   ACBP=A9
 0002:00019B68 00000004 C=BSS      S=.bss     G=DGROUP   M=StdCtrls ACBP=A9
 0002:00019B6C 00000004 C=BSS      S=.bss     G=DGROUP   M=StdActns ACBP=A9
 0002:00019B70 00000014 C=BSS      S=.bss     G=DGROUP   M=WinHelpViewer ACBP=A9
 0002:00019B84 00000004 C=BSS      S=.bss     G=DGROUP   M=ActnList ACBP=A9
 0002:00019B88 00000020 C=BSS      S=.bss     G=DGROUP   M=Forms    ACBP=A9
 0002:00019BA8 0000000C C=BSS      S=.bss     G=DGROUP   M=ImgList  ACBP=A9
 0002:00019BB4 00000010 C=BSS      S=.bss     G=DGROUP   M=Menus    ACBP=A9
 0002:00019BC4 00000080 C=BSS      S=.bss     G=DGROUP   M=Controls ACBP=A9
 0002:00019C44 00000004 C=BSS      S=.bss     G=DGROUP   M=ExtCtrls ACBP=A9
 0002:00019C48 00000008 C=BSS      S=.bss     G=DGROUP   M=LogUnit  ACBP=A9
 0002:00019C50 00000004 C=BSS      S=.bss     G=DGROUP   M=XMLConst ACBP=A9
 0002:00019C54 00000004 C=BSS      S=.bss     G=DGROUP   M=msxml    ACBP=A9
 0002:00019C58 00000008 C=BSS      S=.bss     G=DGROUP   M=msxmldom ACBP=A9
 0002:00019C60 0000000C C=BSS      S=.bss     G=DGROUP   M=xmldom   ACBP=A9
 0002:00019C6C 00000004 C=BSS      S=.bss     G=DGROUP   M=XMLIntf  ACBP=A9
 0002:00019C70 00000004 C=BSS      S=.bss     G=DGROUP   M=XMLSchemaTags ACBP=A9
 0002:00019C74 00000008 C=BSS      S=.bss     G=DGROUP   M=XMLSchema ACBP=A9
 0002:00019C7C 00000004 C=BSS      S=.bss     G=DGROUP   M=XMLDoc   ACBP=A9
 0002:00019C80 0000002C C=BSS      S=.bss     G=DGROUP   M=SettingUnit ACBP=A9
 0002:00019CAC 00000004 C=BSS      S=.bss     G=DGROUP   M=DataUnit ACBP=A9
 0002:00019CB0 00000004 C=BSS      S=.bss     G=DGROUP   M=QueryUnit ACBP=A9
 0002:00019CB4 00000004 C=BSS      S=.bss     G=DGROUP   M=Facade   ACBP=A9
 0002:00019CB8 00000008 C=BSS      S=.bss     G=DGROUP   M=FuncImpl ACBP=A9


  Address         Publics by Name

 0002:00019898       .01
 0002:00019AD8       .1
 0002:000198B8       .1
 0002:00019AD4       .1
 0002:00019894       .1
 0002:00019AD0       .1
 0002:00019670       .1
 0002:00019B78       .1
 0002:00019678       .1
 0002:00019ACC       .1
 0002:00019CB8       .1
 0002:000199DC       .1
 0002:000198B4       .1
 0002:00019ADC       .1
 0002:000198E8       .1
 0002:00019928       .1
 0002:00019844       .1
 0002:000198B0       .1
 0002:000198F4       .1
 0002:00019AFC       .1
 0002:0001993C       .1
 0002:000198C0       .1
 0002:00019B3C       .1
 0002:000199A4       .1
 0002:000198F8       .1
 0002:000199A8       .1
 0002:00019ABC       .1
 0002:00019AC4       .1
 0002:00019AAC       .1
 0002:00019C50       .1
 0002:00019AC8       .1
 0002:00019AEC       .1
 0002:00019680       .1
 0002:000197A4       .1
 0002:00019AE0       .11
 0002:00019944       .12
 0002:000198A0       .12
 0002:00019C5C       .12
 0002:00019C44       .12
 0002:00019C78       .15
 0002:000198AC       .2
 0002:00019AF4       .2
 0002:00019CB4       .2
 0002:00019B60       .2
 0002:000198A8       .2
 0002:000199AC       .2
 0002:000199A0       .21
 0002:00019B30       .3
 0002:000198A4       .3
 0002:000198BC       .3
 0002:000198F0       .3
 0002:00019CB0       .3
 0002:000199B4       .3
 0002:00019C4C       .3
 0002:0001984C       .3
 0002:0001967C       .3
 0002:00019CAC       .3
 0002:00019C70       .3
 0002:00019C6C       .3
 0002:00019CA8       .3
 0002:00019BA8       .3
 0002:000199B8       .3
 0002:000198FC       .31
 0002:0001989C       .33
 0002:00019794       .35
 0002:00019B50       .36
 0002:000198E4       .36
 0002:00019B00       .4
 0002:00019AC0       .4
 0002:00019B90       .41
 0002:000198C4       .41
 0002:00019B68       .42
 0002:0001985C       .45
 0002:00019800       .5
 0002:00019B38       .5
 0002:000198EC       .5
 0002:00019C7C       .5
 0002:00019C68       .5
 0002:000195BC       .5
 0002:00019904       .6
 0002:00019848       .6
 0002:00019C54       .6
 0002:00019BCC       .72
 0002:00019B40       .72
 0002:00019B6C       .73
 0002:00019B84       .8
 0002:00019B4C       .8
 0002:00019B34       .8
 0002:00019824       .81
 0002:00019BBC       .9
 0001:00001BEC       @AbstractError
 0001:000027D4       @AfterConstruction
 0001:00002608       @AsClass
 0001:00001D90       @AStrCmp
 0001:000027E4       @BeforeDestruction
 0001:00002398       @BoundErr
 0001:00002654       @CallDynaInst
 0001:0000532C       @CheckAutoResult
 0001:0000277C       @ClassCreate
 0001:000027CC       @ClassDestroy
 0001:00001C5C       @Close
 0001:000019A4       @Copy
 0001:000042B8       @CopyArray
 0001:0000419C       @CopyRecord
 0001:00004424       @DispCallByIDError
 0001:0000FE54       @DispInvoke
 0001:0000FB4C       @DispInvokeError
 0001:000043C0       @Dispose
 0001:00002D24       @DoneExcept
 0001:00004BAC       @DynArrayAsg
 0001:00004B70       @DynArrayClear
 0001:00004A5C       @DynArrayCopy
 0001:00004A7C       @DynArrayCopyRange
 0001:0000489C       @DynArrayHigh
 0001:00004894       @DynArrayLength
 0001:00004A50       @DynArraySetLength
 0001:00002E0C       @ExceptionHandler
 0001:00001E00       @FillChar
 0001:00004178       @Finalize
 0001:0000408C       @FinalizeArray
 0001:00004040       @FinalizeRecord
 0001:0000266C       @FindDynaInst
 0001:0000238C       @FpuInit
 0001:000022C8       @FpuMaskInit
 0001:0000182C       @FreeMem
 0001:0000180C       @GetMem
 0001:000059F0       @GetTls
 0001:000032F8       @Halt
 0001:00003220       @Halt0
 0001:000028F8       @HandleAnyException
 0001:00002BE4       @HandleAutoException
 0001:00002BAC       @HandleFinally
 0001:00002A24       @HandleOnException
 0001:00004034       @Initialize
 0001:00003FA0       @InitializeArray
 0001:00003F70       @InitializeRecord
 0001:000030C8       @InitImports
 0001:00005A3C       @InitLib
 0001:000030A0       @InitResStringImports
 0001:0000307C       @InitResStrings
 0001:000030EC       @InitWideStrings
 0001:00005290       @IntfAddRef
 0001:00005260       @IntfCast
 0001:0000521C       @IntfClear
 0001:00005234       @IntfCopy
 0001:000025E4       @IsClass
 0001:00002298       @isNECWindows
 0001:00003844       @LStrAddRef
 0001:000033B8       @LStrArrayClr
 0001:000033E8       @LStrAsg
 0001:0000365C       @LStrCat
 0001:000036A0       @LStrCat3
 0001:00003714       @LStrCatN
 0001:00003394       @LStrClr
 0001:000037A0       @LStrCmp
 0001:000038B4       @LStrCopy
 0001:000038F4       @LStrDelete
 0001:00003604       @LStrFromArray
 0001:0000357C       @LStrFromChar
 0001:0000358C       @LStrFromPChar
 0001:00003484       @LStrFromPCharLen
 0001:000035BC       @LStrFromPWChar
 0001:000034F0       @LStrFromPWCharLen
 0001:000035F8       @LStrFromString
 0001:0000361C       @LStrFromWStr
 0001:0000393C       @LStrInsert
 0001:0000342C       @LStrLAsg
 0001:00003654       @LStrLen
 0001:00003A44       @LStrOfChar
 0001:00003998       @LStrPos
 0001:000039E0       @LStrSetLength
 0001:00003854       @LStrToPChar
 0001:00003630       @LStrToString
 0001:000043AC       @New
 0001:00003458       @NewAnsiString
 0001:00003A78       @NewWideString
 0001:000143A0       @OleVarFromInt
 0001:000146A4       @OleVarFromLStr
 0001:00014760       @OleVarFromVar
 0001:00001FAC       @Pow10
 0001:00001D0C       @PStrCmp
 0001:00001CE4       @PStrCpy
 0001:00001CB4       @PStrNCat
 0001:00001CF0       @PStrNCpy
 0001:00002CD0       @RaiseAgain
 0001:00002CA8       @RaiseExcept
 0001:0000184C       @ReallocMem
 0001:00001BBC       @ROUND
 0001:00003304       @RunError
 0001:00001F90       @SetEq
 0001:00001B94       @SetLength
 0001:00002FB4       @StartLib
 0001:00004648       @Str0Int64
 0001:00001E80       @Str0Long
 0001:00004588       @StrInt64
 0001:000003EC       @strlen
 0001:00001E20       @StrLong
 0001:00001BC8       @TRUNC
 0001:00002D54       @TryFinallyExit
 0001:000038AC       @UniqueStringA
 0001:00004664       @ValInt64
 0001:00001E8C       @ValLong
 0001:00018124       @VarAdd
 0001:0001606C       @VarAddRef
 0001:0001687C       @VarArrayGet
 0001:0001696C       @VarArrayPut
 0001:000166C8       @VarArrayRedim
 0001:000107A8       @VarCast
 0001:0000FE38       @VarClear
 0001:00004074       @VarClr
 0001:0000FE4C       @VarClr
 0001:00018130       @VarCmpEQ
 0001:00018160       @VarCmpGT
 0001:00018150       @VarCmpLT
 0001:00018140       @VarCmpNE
 0001:00004184       @VarCopy
 0001:00010264       @VarCopy
 0001:000104E4       @VarCopyNoInd
 0001:00014534       @VarFromBool
 0001:000143C0       @VarFromByte
 0001:00014584       @VarFromCurr
 0001:000144DC       @VarFromCurrency
 0001:00014508       @VarFromDate
 0001:00014678       @VarFromDisp
 0001:000144B0       @VarFromDouble
 0001:00014344       @VarFromInt
 0001:00014460       @VarFromInt64
 0001:00014380       @VarFromInteger
 0001:0001464C       @VarFromIntf
 0001:00014400       @VarFromLongWord
 0001:00014598       @VarFromLStr
 0001:000145C4       @VarFromPStr
 0001:0001455C       @VarFromReal
 0001:00014420       @VarFromShortInt
 0001:0001448C       @VarFromSingle
 0001:00014440       @VarFromSmallInt
 0001:00014570       @VarFromTDateTime
 0001:000143E0       @VarFromWord
 0001:00014614       @VarFromWStr
 0001:0000FBA0       @VarNull
 0001:000156C0       @VarOp
 0001:000104F8       @VarStringToOleStr
 0001:00011F74       @VarToBool
 0001:00011C2C       @VarToBoolean
 0001:0001106C       @VarToByte
 0001:00012E18       @VarToCurrency
 0001:000128B0       @VarToDate
 0001:00014298       @VarToDisp
 0001:00012140       @VarToDouble
 0001:00011630       @VarToInt64
 0001:00010B6C       @VarToInteger
 0001:000141CC       @VarToIntf
 0001:000112E4       @VarToLongWord
 0001:000134CC       @VarToLStr
 0001:000124BC       @VarToReal
 0001:00010FBC       @VarToShortInt
 0001:000124D8       @VarToSingle
 0001:00011114       @VarToSmallInt
 0001:0001120C       @VarToWord
 0001:00013BF4       @VarToWStr
 0001:00003F50       @WStrAddRef
 0001:00003AB8       @WStrArrayClr
 0001:00003ADC       @WStrAsg
 0001:00003C50       @WStrCat
 0001:00003CB0       @WStrCat3
 0001:00003D14       @WStrCatN
 0001:00003AA0       @WStrClr
 0001:00003D5C       @WStrCmp
 0001:00003DE0       @WStrCopy
 0001:00003E2C       @WStrDelete
 0001:00003C24       @WStrFromLStr
 0001:00003BB8       @WStrFromPChar
 0001:00003B08       @WStrFromPCharLen
 0001:00003BE8       @WStrFromPWChar
 0001:00003B94       @WStrFromPWCharLen
 0001:00003B00       @WStrLAsg
 0001:00003C44       @WStrLen
 0001:00003EBC       @WStrPos
 0001:00003F0C       @WStrSetLength
 0001:00003C34       @WStrToPWChar
 0001:00001F6C       @_CLenToPasStr
 0001:00001F60       @_CToPasStr
 0001:00001974       @_IOTest
 0001:00004450       @_lldiv
 0001:000044CC       @_llmod
 0001:0000442C       @_llmul
 0001:00004548       @_llshl
 0001:00004568       @_llushr
 0001:0000C30C       Abort
 0001:0008E4EC       AbsMin
 0001:0000C6D8       AbstractErrorHandler
 0002:0001902C       AbstractErrorProc
 0002:0000014C       AccessMode
 0001:000018DC       AcquireExceptionObject
 0001:0001C650       ActivateClassGroup
 0001:00006070       ActivateKeyboardLayout
 0002:00019C00       ActiveDrag
 0001:00019CD8       ActiveX
 0001:00077D10       ActnList
 0001:00000518       AddBlockAfter
 0001:0003F24C       AddChars
 0001:000422F4       AddCurrency
 0001:00041AC4       AddCurrencySymbol
 0002:00000620       AddDataModule
 0001:000413D0       AddDigit
 0001:00061D88       AddFieldDef
 0001:0004AC64       AddFieldDefs
 0001:0004AE98       AddFields
 0001:000685C0       AddFieldToList
 0001:00020754       AddFinished
 0001:000872C0       AddIn
 0001:000425E4       AddLiterals
 0001:000050B0       AddModuleUnloadProc
 0001:000050C0       AddModuleUnloadProc
 0001:00041BA4       AddNegCurrencySymbol
 0001:000A82B0       AddNodeClassInfo
 0001:00040938       AddNormalizedFractions
 0001:0002078C       AddNotFinished
 0001:000413B4       AddOneChar
 0001:0003F308       AddStrings
 0001:000211B0       AddSubComponentsToLoaded
 0001:00023658       AddThread
 0002:00016974       AdjustAmt
 0002:0001697C       AdjustAmt
 0002:00016984       AdjustAmt
 0002:0001698C       AdjustAmt
 0001:0006D6B8       AdjustColor
 0001:0003FD64       AdjustDecimalPosition
 0001:00056758       AdjustFirstRecord
 0001:0007A31C       Adjustment
 0001:00040C90       AdjustNibbles
 0001:00006078       AdjustWindowRectEx
 0001:00058F84       ADOConst
 0001:000692D8       ADODB
 0001:000583A8       ADOInt
 0001:0005C688       ADOTypeToFieldType
 0002:00016F3C       AffectRecordsValues
 0001:0000D9C0       AL1
 0002:0000031C       AL1s
 0001:0000D9D0       AL2
 0002:0000032C       AL2s
 0002:000175C0       Alignments
 0002:000175B0       Alignments
 0001:00093A90       AlignWork
 0001:00081214       AlignWork
 0001:00025460       AllocateHWnd
 0001:000078E4       AllocMem
 0002:000195B4       AllocMemCount
 0002:000195B8       AllocMemSize
 0001:0007110C       AllocPatternBitmap
 0001:00005920       AllocTlsBuffer
 0001:0000DA00       ALR
 0001:0000D9E8       ALV
 0002:000175E4       AnchorAlign
 0002:000175D8       AnimateWindowProc
 0002:000176E0       AnimationStyle
 0001:00007A78       AnsiCompareStr
 0001:00007AB0       AnsiCompareText
 0002:00017A6C       AnsiEncodings
 0001:00007BA8       AnsiExtractQuotedStr
 0001:00008488       AnsiLastChar
 0001:00006080       AnsiLower
 0001:0000D084       AnsiPos
 0001:0008BAD4       AnsiSameCaption
 0001:00007AE8       AnsiSameText
 0001:00007B00       AnsiStrLIComp
 0001:0000D0BC       AnsiStrPos
 0001:0000D15C       AnsiStrRScan
 0001:0000D184       AnsiStrScan
 0001:000056AC       AnsiToUtf8
 0001:00007A44       AnsiUpperCase
 0001:00014CD4       AnyOp
 0001:00014154       AnyToIntf
 0001:00009EB8       AppendChars
 0001:0000A27C       AppendFormat
 0001:000A83B4       AppendItem
 0001:00009F1C       AppendNumber
 0001:00009EFC       AppendString
 0002:00019B88       Application
 0001:0005CE9C       ApplicationHandleException
 0002:00000630       ApplicationHandleException
 0002:00000638       ApplicationShowException
 0002:000174C4       AppVisible
 0001:0000C6BC       AssertErrorHandler
 0002:00019024       AssertErrorProc
 0001:0005F834       AssignField
 0001:000193A8       AssignLongStr
 0001:0005F8B0       AssignParam
 0001:0005F754       AssignParameter
 0001:0005FB60       AssignToParam
 0001:00019A24       AssignVariant
 0002:00017A68       AttrChangeTypeMap
 0001:0004B750       AttributeSetStored
 0002:0001960C       avail
 0001:000085B0       BackfillGetDiskFreeSpaceEx
 0001:00091044       BackgroundClipped
 0001:0000E864       BackupVarBoolFromStr
 0001:0000E9C4       BackupVarBStrFromBool
 0001:0000E8E4       BackupVarBStrFromCy
 0001:0000E954       BackupVarBStrFromDate
 0001:0000E7F8       BackupVarCyFromStr
 0001:0000E78C       BackupVarDateFromStr
 0001:0000E648       BackupVarI4FromStr
 0001:0000E5F4       BackupVariantChangeTypeEx
 0001:0000E6B4       BackupVarR4FromStr
 0001:0000E720       BackupVarR8FromStr
 0002:00016C24       BaseFieldTypes
 0002:00017A28       BaseTypeIndMap
 0002:00000464       BaseTypeMap
 0001:00041264       BcdAdd
 0001:00040E40       BcdCompare
 0001:00041F34       BcdCurrencyFormat
 0001:000410A8       BcdDivide
 0001:000411F8       BcdDivide
 0001:0003E420       BcdError
 0001:0003E3B0       BcdErrorFmt
 0001:000418E4       BcdFixedOrNumberFormat
 0001:00041880       BcdGeneralFormat
 0001:0004103C       BcdMultiply
 0001:00040F44       BcdMultiply
 0001:000416D8       BcdScale
 0001:00041898       BcdScientificFormat
 0001:00040F08       BcdSubtract
 0001:000417D4       BCDToCurr
 0001:0003EE20       BcdToDouble
 0001:00041594       BcdToStr
 0001:00042020       BcdToStrF
 0001:0001C9A8       BeginGlobalLoading
 0001:00006088       BeginPaint
 0001:00003348       BeginThread
 0001:0006D6C4       BetterSize
 0001:00088134       BiDiDraw
 0001:00023544       BinToHex
 0001:00005EC0       BitBlt
 0002:000172EC       BitBtnCaptions
 0002:00019B04       BitBtnGlyphs
 0002:00017228       BitmapCanvasList
 0002:0001995C       BitmapImageLock
 0001:0000E630       BiUnimplemented
 0001:0003FC00       BlankArgument
 0002:000006D8       BlockCode
 0002:000195E4       blockDescBlockList
 0002:000195E8       blockDescFreeList
 0002:00008EC4       Blowfish_Data
 0002:00009EC4       Blowfish_Key
 0002:00000604       BooleanIdents
 0002:00000460       BooleanToStringRule
 0001:00008090       BoolToStr
 0001:00013254       BoolToWStrViaOS
 0001:0001B968       Bounds
 0001:00005AE0       Bounds
 0002:00017558       Breaks
 0002:00019994       BrushManager
 0001:00026C54       BSwapInt
 0001:00026C78       BSwapIntBuf
 0001:00055E24       BufferToByteArray
 0001:000639F0       BufferToVar
 0001:0008A8E8       BuildImage
 0002:00017934       BuiltInTypeNames
 0002:000172C0       ButtonCaptions
 0002:00017294       ButtonNames
 0002:000175D4       Buttons
 0001:00073E84       Buttons
 0001:00055ED8       ByteArrayToBuffer
 0001:0006CEA4       BytesPerScanline
 0001:0006D1FC       ByteSwapColors
 0001:0000CD8C       ByteToCharIndex
 0001:0000CD64       ByteToCharLen
 0001:0000CD28       ByteType
 0001:0000CCB0       ByteTypeTest
 0002:00019BAC       CachedComCtrlVer
 0001:0002539C       CalcJmpOffset
 0001:000421E4       CalcPrecisionAndDigits
 0001:0009B420       CalcSplitterPos
 0001:000514F8       CalcTotalSize
 0001:0004B790       CalculatedStored
 0001:00006090       CallNextHookEx
 0001:0000D984       CallTerminateProcs
 0001:00006098       CallWindowProc
 0001:0008F524       CancelDrag
 0001:000572F8       CancelNestedDataSets
 0001:0003FB90       CanUseShort
 0002:00019C14       CanvasList
 0002:00019998       CanvasList
 0002:00017280       Captions
 0002:0001769C       CaptureControl
 0002:000174F8       cBooleanToItemAutoFlag
 0002:00000510       CBooleanToRelationship
 0002:00019AF2       CF_COMPONENT
 0002:00019AF0       CF_PICTURE
 0002:0001981C       ChangeAnyProc
 0001:000034B4       CharFromWChar
 0001:0000CF60       CharLength
 0001:000060A0       CharNext
 0001:0000035C       CharNext
 0001:0006B828       CharsetToIdent
 0001:0000CE74       CharToByteIndex
 0001:0000CED8       CharToByteLen
 0001:000060A8       CharToOemA
 0001:000060B0       CharUpperBuff
 0001:0006DC74       CheckBool
 0002:00007EC0       CheckCipherKeySize
 0001:000A8154       CheckEncoding
 0001:0005D580       CheckForAsyncExecute
 0001:000ADA7C       CheckForDTD
 0001:0006450C       CheckForFlyAway
 0001:000ADE0C       CheckForXMLSchema
 0001:000A7CD4       CheckIntegerValue
 0001:00002874       CheckJmp
 0001:000060B8       CheckMenuItem
 0001:00056344       CheckNestedBrowseMode
 0001:00025B3C       CheckProtection
 0002:00017548       Checks
 0001:0003DF9C       CheckSqlTimeStamp
 0001:000211EC       CheckSubComponents
 0001:00023670       CheckSynchronize
 0001:00079D58       CheckTaskWindow
 0001:00014CB0       CheckType
 0001:0008F1D8       CheckUndock
 0001:0000CBA4       CheckWin32Version
 0001:000A7FF0       CheckWordValue
 0002:00017A5C       ChoiceTypeMap
 0002:0000047C       CInvalidCustomVariantType
 0001:0003BD34       Cipher
 0001:00036B98       CipherList
 0002:000174FC       cItemAutoFlagToBoolean
 0002:000174F4       cItemAutoFlagToMenu
 0001:000255EC       Classes
 0001:0001C414       ClassNotFound
 0002:00016C6C       CLASS_Command
 0002:00016C5C       CLASS_Connection
 0002:00016C8C       CLASS_DataSpace
 0002:0001788C       CLASS_DOMDocument
 0002:000178D0       CLASS_DOMDocument26
 0002:000178E0       CLASS_DOMDocument30
 0002:000178F0       CLASS_DOMDocument40
 0002:00016C7C       CLASS_Recordset
 0002:00019818       ClearAnyProc
 0001:0006B0B8       ClearColor
 0001:0004391C       ClearExcepInfo
 0001:000173A4       ClearVariantTypeList
 0001:000060C0       ClientToScreen
 0001:00098A08       ClientToWindow
 0002:00017220       ClipboardFormats
 0001:00073D24       Clipbrd
 0001:00005C18       CloseHandle
 0001:000B8504       CloseObject
 0002:000199F4       CloseThemeData
 0002:00016C4C       CLSID_DATALINKS
 0002:00019040       CmdLine
 0002:0001903C       CmdShow
 0002:000174F0       cMenuAutoFlagToItem
 0002:0000051C       CmpTypeMap
 0001:0000E63C       CmpUnimplemented
 0002:00016A04       CoAddRefServerProcess
 0001:00019C6C       CoCreateInstance
 0002:000169FC       CoCreateInstanceEx
 0001:00019C64       CoGetMalloc
 0002:00016CC0       CoGetObjectContextProc
 0002:00016A14       CoInitFlags
 0001:00019C54       CoInitialize
 0002:00016A00       CoInitializeEx
 0002:00016FA0       Colors
 0001:0006B620       ColorToIdent
 0002:00017714       ColorToPretyName
 0001:0006B610       ColorToRGB
 0002:000198CC       ComClassManagerVar
 0001:00042C4C       ComConst
 0002:00019B5C       ComCtlVersion
 0001:000751D4       ComCtrls
 0002:00019BC0       CommandPool
 0002:00016CDC       CommandTypeValues
 0001:000716B8       CommCtrl
 0001:00073600       CommDlg
 0001:000007F8       Commit
 0002:00019628       committedRoot
 0001:00043BE4       ComObj
 0001:00040C10       CompactBcd
 0001:0003EFEC       CompareDigits
 0001:000868A4       CompareFront
 0001:000079AC       CompareMem
 0001:000409F0       CompareNormalizedFractions
 0001:0000797C       CompareStr
 0001:00005C20       CompareString
 0001:000079CC       CompareText
 0001:000A7C34       CompareToRead
 0001:00007FB8       CompareWith
 0001:000212CC       ComponentCreated
 0002:00017A1C       CompositorNames
 0002:00017A50       CompositorNames
 0001:00073CE0       ComStrs
 0002:00016CF4       ConnectModeValues
 0002:00016D14       ConnectOptionValues
 0001:0006A088       Consts
 0001:000715C4       Contnrs
 0002:00019BD2       ControlAtom
 0002:00019BD8       ControlAtomString
 0001:0007EAE4       ControlHasHelp
 0001:0009C0A0       Controls
 0002:00000664       Convert
 0002:00000654       Convert
 0001:0000C0AC       ConvertAddr
 0001:0000A00C       ConvertEraString
 0001:000078A8       ConvertError
 0001:000078C0       ConvertErrorFmt
 0001:0000A174       ConvertYearString
 0001:000048A4       CopyArray
 0001:0006E74C       CopyBitmap
 0001:0006EE14       CopyBitmapAsMask
 0001:0004186C       CopyByte
 0001:0000656C       CopyMemory
 0001:0006EDB0       CopyPalette
 0002:0001734C       Copyright
 0001:00089994       CopyToBest
 0002:00016A08       CoReleaseServerProcess
 0002:00016A0C       CoResumeClassObjects
 0002:00016A10       CoSuspendClassObjects
 0001:00019C5C       CoUninitialize
 0001:0000CDE4       CountChars
 0002:00019974       CounterLock
 0001:00026BC4       CPUType
 0002:00000480       CRangeToType
 0001:00027148       CRC16
 0001:00027370       CRC32
 0001:0005C624       CreateADOObject
 0001:0000C600       CreateAssertException
 0001:0000C788       CreateAVObject
 0001:00005EC8       CreateBitmap
 0001:00005ED0       CreateBrushIndirect
 0001:000430F4       CreateComObject
 0001:00005ED8       CreateCompatibleBitmap
 0001:00005EE0       CreateCompatibleDC
 0001:0002134C       CreateComponent
 0001:00005EF0       CreateDIBitmap
 0001:00005EE8       CreateDIBSection
 0001:00008624       CreateDir
 0001:00005C28       CreateDirectory
 0001:000A06F8       CreateDOMDocument
 0001:000A7934       CreateDOMNode
 0001:00019C94       CreateErrorInfo
 0001:00005C30       CreateEvent
 0001:00005C38       CreateFile
 0001:00005EF8       CreateFontIndirect
 0001:00005F00       CreateHalftonePalette
 0001:000060C8       CreateIcon
 0001:0000C52C       CreateInOutError
 0001:000060D0       CreateMenu
 0001:00005F08       CreatePalette
 0001:00005F10       CreatePenIndirect
 0001:000060D8       CreatePopupMenu
 0001:00005F18       CreateSolidBrush
 0001:0006D254       CreateSystemPalette
 0001:00000364       CreateThread
 0001:00005C40       CreateThread
 0001:00006658       CreateWindow
 0001:00006600       CreateWindowEx
 0002:00017278       CreationControl
 0002:000175DC       CreationControl
 0002:000005F0       CRelationshipToBoolean
 0002:00000444       CResult
 0002:00000144       cSimpleBoolStrs
 0002:00000598       CText
 0002:000176D8       Ctl3DStyles
 0002:00019620       curAlloc
 0001:000159C0       CurrCompare
 0002:0001968C       CurrencyDecimals
 0002:00019688       CurrencyFormat
 0002:00019684       CurrencyString
 0001:00009EA4       CurrentYear
 0001:000152BC       CurrOp
 0001:00041748       CurrToBCD
 0001:00063270       CurrToBuffer
 0001:0000976C       CurrToStr
 0001:000097D4       CurrToStrF
 0001:000131E4       CurrToWStrViaOS
 0002:00016D1C       CursorLocationValues
 0002:00017448       CursorMap
 0002:00016D24       CursorOptionValues
 0002:000175EC       Cursors
 0001:0008DDC4       CursorToIdent
 0002:00016D58       CursorTypeValues
 0002:00017438       cUseAlpha
 0002:00017440       cUseColorKey
 0002:0000033C       CVarTypeToElementInfo
 0001:00007D0C       CvtInt
 0001:00007D78       CvtInt64
 0002:000169F0       CWNear
 0002:00000184       CWNear
 0001:00049794       DatabaseError
 0001:00049840       DatabaseErrorFmt
 0002:00016D6C       DataTypeValues
 0001:000B09A0       DataUnit
 0001:00015998       DateCompare
 0001:00014DF4       DateOp
 0002:0001968D       DateSeparator
 0001:00055DDC       DateTimeToNative
 0001:0003DECC       DateTimeToSQLTimeStamp
 0001:0000AABC       DateTimeToStr
 0001:0000AA30       DateTimeToString
 0001:00009988       DateTimeToTimeStamp
 0001:0000AA8C       DateToStr
 0001:0001321C       DateToWStrViaOS
 0001:0003CFE4       DateUtils
 0001:00009E2C       DayOfWeek
 0001:0003CF7C       DaysInAMonth
 0001:00058010       DB
 0002:000198E0       DBApplication
 0001:00058D74       DBCommon
 0001:0003D184       DBConsts
 0002:000198DC       DBScreen
 0002:00019C84       DBType
 0002:00000180       DCon10
 0002:00016F9C       DDBsOnly
 0001:00025514       DeallocateHWnd
 0002:00000028       DebugHook
 0001:00025710       DECConst
 0002:0001968B       DecimalSeparator
 0001:00016C14       DecIndices
 0001:00009E0C       DecodeDate
 0001:00009CC0       DecodeDateFully
 0001:00009B30       DecodeTime
 0001:0000088C       Decommit
 0001:00000EA8       DecommitFree
 0002:000195FC       decommittedRoot
 0001:000278F0       DECUtil
 0001:0007C76C       Default
 0001:00081E3C       Default
 0002:00000020       Default8087CW
 0002:000175E0       DefaultDockTreeClass
 0002:00019C60       DefaultDOMVendor
 0002:00016A2C       DefaultFieldClasses
 0001:00028B4C       DefaultHashClass
 0002:00017A64       DefaultNodeIndent
 0001:00025B0C       DefaultStringFormat
 0002:000195C0       DefaultUserCodePage
 0002:000171F0       DefBrushData
 0002:00016F70       DefFontData
 0001:000060E0       DefFrameProc
 0002:00000210       DefLongDayNames
 0002:000001C4       DefLongMonthNames
 0001:000060E8       DefMDIChildProc
 0002:000171D0       DefPenData
 0002:000001F4       DefShortDayNames
 0002:00000194       DefShortMonthNames
 0001:000060F0       DefWindowProc
 0001:00004C04       DelayLoadResourceModule
 0001:00000548       DeleteBlock
 0001:00005C48       DeleteCriticalSection
 0001:000004B8       DeleteCriticalSection
 0001:00005F20       DeleteDC
 0001:00008470       DeleteFile
 0001:00005C50       DeleteFile
 0001:00000CF0       DeleteFree
 0001:000060F8       DeleteMenu
 0001:00005F28       DeleteObject
 0001:0006E308       DeselectBitmap
 0001:000624B8       DesignerDataStored
 0001:00006100       DestroyCursor
 0001:00006108       DestroyIcon
 0001:00073DB4       DestroyLocals
 0001:00006110       DestroyMenu
 0001:00006118       DestroyWindow
 0001:000A8050       DetectCharEncoding
 0001:0007675C       DialogEnumerationTester
 0001:00073C70       Dialogs
 0002:0001722C       DIBPalSizes
 0002:0000008C       dig
 0002:00016C9C       DIID_ConnectionEvents
 0002:00016CAC       DIID_RecordsetEvents
 0001:00008270       DirectoryExists
 0001:00079BAC       DisableTaskWindows
 0001:00043330       DispatchInvoke
 0001:00043910       DispatchInvokeError
 0001:00006120       DispatchMessage
 0001:0007FDC4       DispatchShortCut
 0001:0004392C       DispCall
 0001:00043A10       DispCallByID
 0002:00019000       DispCallByIDProc
 0001:0004383C       DispCallError
 0001:0000788C       DivMod
 0001:00073638       Dlgs
 0002:0001966C       DllProc
 0001:00093920       DoAlign
 0001:000810C8       DoAlign
 0001:00055488       DoBindFields
 0001:000978C4       DoCalcConstraints
 0002:00019C08       DockSiteList
 0001:0008A5B4       DoClick
 0001:00094FF8       DoControlMsg
 0001:00079B5C       DoDisableWindow
 0001:0008EB04       DoDragOver
 0001:000996F4       DoFindControlZone
 0001:00079C98       DoFindWindow
 0001:00099C80       DoFindZone
 0001:00099778       DoForEach
 0001:0009B084       DoGetNextLimit
 0001:000A5928       DOMVendorList
 0001:000A5A60       DOMVendorNotSupported
 0002:00019C64       DOMVendors
 0001:000AC080       DOMVendorStored
 0001:00079B24       DoneApplication
 0001:0009BDE4       DoneControls
 0001:0000CAB4       DoneExceptions
 0001:0007E140       DoNestedActivation
 0001:0002360C       DoneThreadSynchronization
 0001:000934E0       DoPosition
 0001:00080F18       DoPosition
 0001:00026D38       DoProgress
 0001:0009A6AC       DoPrune
 0001:000647EC       DoRecordsetDelete
 0001:0009AB84       DoSaveZone
 0001:0009AD88       DoSetNewBounds
 0002:000169F4       Dot
 0002:0000060C       DotSep
 0001:0001E614       DoWrite
 0001:00084F04       DoWrite
 0001:0006DECC       DoWrite
 0001:000945E0       DoWriteDesignSize
 0001:00025120       DoWriteHeight
 0001:000250B8       DoWriteHorizontalOffset
 0001:00092138       DoWriteIsControl
 0001:000250EC       DoWriteVerticalOffset
 0001:00025090       DoWriteWidth
 0001:0003A37C       DoXOR
 0002:00019BEC       DragCapture
 0002:00019BE0       DragControl
 0001:0008F24C       DragDone
 0001:0008EAB4       DragFindTarget
 0001:0008EA88       DragFindWindow
 0002:00019C04       DragImageList
 0001:0008EEA4       DragInit
 0001:0008F014       DragInitControl
 0002:00019BE8       DragInternalObject
 0001:0008E9D0       DragMessage
 0002:00019BE4       DragObject
 0002:00019C10       DragSave
 0002:00019BF8       DragSaveCursor
 0002:00019BF0       DragStartPos
 0002:00019BFC       DragThreshold
 0001:0008EBD4       DragTo
 0001:00081E78       DrawAppIcon
 0001:0009A218       DrawCloseButton
 0001:00006128       DrawEdge
 0001:00006130       DrawFrameControl
 0001:0009A270       DrawGrabberLine
 0001:00006138       DrawIcon
 0001:00006140       DrawIconEx
 0002:000174CC       DrawingStyles
 0001:00006148       DrawMenuBar
 0001:0008B8F4       DrawMenuItem
 0001:00006150       DrawText
 0002:000199F8       DrawThemeBackground
 0002:00019A1C       DrawThemeEdge
 0002:00019A20       DrawThemeIcon
 0002:00019AA4       DrawThemeParentBackground
 0002:000199FC       DrawThemeText
 0001:0006CD24       DupBits
 0001:00016BC0       DynArrayBounds
 0001:000048BC       DynArrayClear
 0001:00016B38       DynArrayDim
 0001:00016B1C       DynArrayElTypeInfo
 0001:00017070       DynArrayFromVariant
 0001:00016ADC       DynArrayIndex
 0001:000048C4       DynArraySetLength
 0001:00016B50       DynArraySize
 0001:00016D20       DynArrayToVariant
 0001:00016C80       DynArrayVariantBounds
 0001:00016CD8       DynArrayVarType
 0002:000175B8       EdgeStyle
 0002:000176C8       EdgeStyles
 0001:000A5CC8       EDOMParseError.Create
 0001:0000C500       EHeapException.FreeInstance
 0001:00015824       EmptyCompare
 0001:00015224       EmptyOp
 0002:00019804       EmptyParam
 0002:000000CC       EmptyStr
 0002:000000D0       EmptyWideStr
 0001:00006158       EnableMenuItem
 0002:00017550       Enables
 0001:00006160       EnableScrollBar
 0001:00079C60       EnableTaskWindows
 0002:00019A8C       EnableThemeDialogTexture
 0002:00019AA8       EnableTheming
 0001:00006168       EnableWindow
 0001:00039FD0       Encode
 0001:00009C90       EncodeDate
 0001:00009AF0       EncodeTime
 0001:000A8128       EncodingMatches
 0001:0001CA30       EndGlobalLoading
 0001:00006170       EndPaint
 0001:0000338C       EndThread
 0001:000004A8       EnterCriticalSection
 0001:00005C58       EnterCriticalSection
 0001:00005C60       EnumCalendarInfoA
 0002:00019924       EnumDisplayMonitors
 0001:0000BD20       EnumEraNames
 0001:0000BD5C       EnumEraYearOffsets
 0001:0007CD30       EnumMonitorsProc
 0001:00006178       EnumThreadWindows
 0001:00020AFC       EnumValue
 0001:00006180       EnumWindows
 0001:00043028       EOleException.Create
 0001:00042F58       EOleSysError.Create
 0001:00006188       EqualRect
 0002:00019754       EraNames
 0001:0000B0E8       EraToYear
 0001:0000AD48       EraToYear
 0002:00019770       EraYearOffsets
 0002:00000064       errCaption
 0001:0001BFB8       Error
 0001:00001968       Error
 0001:000202E0       Error
 0001:000865F4       Error
 0002:00000004       ErrorAddr
 0001:0000191C       ErrorAt
 0001:0000C5AC       ErrorHandler
 0002:0000022C       ErrorMap
 0002:00019008       ErrorProc
 0002:000193E8       ErrOutput
 0001:000496C0       EUpdateError.Create
 0001:00049764       EUpdateError.Destroy
 0002:00016E04       EventReasonValues
 0002:00016B84       Events
 0002:00016E40       EventStatusValues
 0001:000018BC       ExceptAddr
 0002:0001900C       ExceptClsProc
 0001:0000CA20       ExceptHandler
 0001:0000C32C       Exception.Create
 0001:0000C368       Exception.CreateFmt
 0001:0000C4B8       Exception.CreateHelp
 0001:0000C3E8       Exception.CreateRes
 0001:0000C424       Exception.CreateResFmt
 0002:0001901C       ExceptionClass
 0001:0000C0B8       ExceptionErrorMessage
 0002:00000264       ExceptMap
 0001:0000189C       ExceptObject
 0002:00019010       ExceptObjProc
 0002:00019004       ExceptProc
 0001:00005F30       ExcludeClipRect
 0001:0000D04C       ExcludeTrailingPathDelimiter
 0001:0005CA18       ExecuteOptionsToOrd
 0002:00016E54       ExecuteOptionValues
 0002:00000000       ExitCode
 0001:00003164       ExitDll
 0002:00019048       ExitProc
 0001:00000374       ExitProcess
 0002:00019028       ExitProcessProc
 0001:000059CC       ExitProcessTLS
 0001:0000036C       ExitThread
 0001:000059A4       ExitThreadTLS
 0001:00008574       ExpandFileName
 0001:00038FA0       ExpandKey
 0001:0007501C       ExtActns
 0001:0009C754       ExtCtrls
 0001:00073EDC       ExtDlgs
 0001:000A7B38       ExtractAttrValue
 0001:0005DB48       ExtractCommandType
 0001:0005CA94       ExtractFieldName
 0001:0004989C       ExtractFieldName
 0001:0000853C       ExtractFileName
 0001:00008508       ExtractFilePath
 0001:00042488       ExtractLiterals
 0001:000A5640       ExtractLocalName
 0001:000420DC       ExtractMoneySymbol
 0001:000A5680       ExtractPrefix
 0001:0005D7C0       ExtractUserID
 0002:00017A3C       ExtRestTypeMap
 0001:0003A07C       F32
 0001:000B44F0       Facade
 0002:00019790       FalseBoolStrs
 0002:0001694C       FCipherList
 0002:00019AF8       FClipboard
 0002:00000174       FCon1E18
 0002:000169EC       FConst10
 0002:00000718       FCPUType
 0002:00007EA4       FDefaultHashClass
 0002:00007EA8       FHashList
 0001:0005CE58       FieldListCheckSum
 0002:00016AC4       FieldTypeNames
 0001:000081F8       FileAge
 0001:000081F0       FileClose
 0001:00008158       FileCreate
 0001:00008134       FileCreate
 0001:00008260       FileExists
 0002:00017224       FileFormats
 0002:00000008       FileMode
 0001:000080DC       FileOpen
 0001:00008160       FileRead
 0002:00000648       FilerSignature
 0001:000081B8       FileSeek
 0001:00005C68       FileTimeToDosDateTime
 0001:00005C70       FileTimeToLocalFileTime
 0001:0000818C       FileWrite
 0001:00000DD8       FillAfterGap
 0001:00000D84       FillBeforeGap
 0001:00000E70       FillerSizeAfterGap
 0001:00000E00       FillerSizeBeforeGap
 0001:00006190       FillRect
 0002:00016E64       FilterGroupValues
 0001:00042C1C       Finalization
 0001:00005AFC       Finalization
 0001:00042BA4       Finalization
 0001:00005A84       Finalization
 0001:00074F10       Finalization
 0001:00074EA8       Finalization
 0001:00073EAC       Finalization
 0001:000B44C0       Finalization
 0001:00073CE8       Finalization
 0001:000A5D14       Finalization
 0001:00074F74       Finalization
 0001:00074FCC       Finalization
 0001:00075024       Finalization
 0001:00073E4C       Finalization
 0001:000A6060       Finalization
 0001:0007515C       Finalization
 0001:0000EDB8       Finalization
 0001:00075B9C       Finalization
 0001:00075BE8       Finalization
 0001:00075D50       Finalization
 0001:000769D4       Finalization
 0001:00077CE0       Finalization
 0001:000278A4       Finalization
 0001:000057C8       Finalization
 0001:00069640       Finalization
 0001:0003D154       Finalization
 0001:00019CA8       Finalization
 0001:00019BC8       Finalization
 0001:0000E594       Finalization
 0001:00043B64       Finalization
 0001:0000E394       Finalization
 0001:00073CB0       Finalization
 0001:00073C14       Finalization
 0001:0003CFB4       Finalization
 0001:00072A4C       Finalization
 0001:0003CF44       Finalization
 0001:00073608       Finalization
 0001:0003CEFC       Finalization
 0001:0003C51C       Finalization
 0001:000735D0       Finalization
 0001:00073598       Finalization
 0001:00073560       Finalization
 0001:000A6600       Finalization
 0001:000A69A0       Finalization
 0001:000183AC       Finalization
 0001:00018170       Finalization
 0001:000726F0       Finalization
 0001:0003BCE8       Finalization
 0001:000AE804       Finalization
 0001:000726A8       Finalization
 0001:000716C0       Finalization
 0001:00071688       Finalization
 0001:000256E0       Finalization
 0001:0002553C       Finalization
 0001:00073528       Finalization
 0001:00057FB4       Finalization
 0001:00058128       Finalization
 0001:000AFC44       Finalization
 0001:000358E0       Finalization
 0001:00058378       Finalization
 0001:00058D44       Finalization
 0001:00058EA4       Finalization
 0001:000A5170       Finalization
 0001:00058F54       Finalization
 0001:000067A8       Finalization
 0001:00006B38       Finalization
 0001:0009DC20       Finalization
 0001:000734F0       Finalization
 0001:0009DA38       Finalization
 0001:0009D970       Finalization
 0001:00085654       Finalization
 0001:0009C70C       Finalization
 0001:00071144       Finalization
 0001:000733D8       Finalization
 0001:0009C038       Finalization
 0001:0006A058       Finalization
 0001:00069DC0       Finalization
 0001:00071594       Finalization
 0001:000734B8       Finalization
 0001:000B0970       Finalization
 0001:0008BBD0       Finalization
 0001:0003E0A8       Finalization
 0001:00073D7C       Finalization
 0001:000B8D60       Finalization
 0001:00073480       Finalization
 0001:000B8DAC       Finalization
 0001:00073448       Finalization
 0001:00083F08       Finalization
 0001:00069288       Finalization
 0001:00072728       Finalization
 0001:000B1374       Finalization
 0001:000048B4       FinalizeArray
 0001:00002EF4       FinalizeUnits
 0001:0008A374       Find
 0001:00004C74       FindBS
 0001:0001C4D4       FindClass
 0001:00004BFC       FindClassHInstance
 0001:00005C78       FindClose
 0001:00008454       FindClose
 0001:00000384       FindClose
 0001:00000D54       FindCommitted
 0001:0008DBA4       FindControl
 0001:00099EAC       FindControlAtPos
 0001:00017F74       FindCustomVariantType
 0001:0001802C       FindCustomVariantType
 0001:0008F570       FindDragTarget
 0001:000214FC       FindExistingComponent
 0001:000083E0       FindFirst
 0001:00005C80       FindFirstFile
 0001:0000038C       FindFirstFile
 0001:00079DA4       FindGlobalComponent
 0001:0001C8C0       FindGlobalComponent
 0002:00019868       FindGlobalComponentProcs
 0001:00004BD4       FindHInstance
 0001:0001C768       FindIdentToInt
 0001:000ADCB8       FindLocationHint
 0001:0000837C       FindMatchingFile
 0002:00019AE8       FindMsg
 0001:0002068C       FindNestedComponent
 0001:00008430       FindNext
 0001:00005C88       FindNextFile
 0001:000865BC       FindPopupControl
 0001:0000EA80       FindProc
 0001:00005C90       FindResource
 0001:00004C4C       FindResourceHInstance
 0001:0008375C       FindScanline
 0001:00079CFC       FindTopMostWindow
 0001:000223E0       FindUniqueName
 0001:00016364       FindVarData
 0001:0008F53C       FindVCLWindow
 0001:0003BC14       FindVirtualMethodAndChange
 0001:00006198       FindWindow
 0001:000767B4       FindWinHelp
 0001:0006E700       FixupBitFields
 0002:000175C8       Flags
 0002:000197A0       FLanguages
 0001:00072A7C       FlatSB
 0002:000199BC       FlatSB_EnableScrollBar
 0002:000199C8       FlatSB_GetScrollInfo
 0002:000199CC       FlatSB_GetScrollPos
 0002:000199C4       FlatSB_GetScrollRange
 0002:000199D4       FlatSB_SetScrollInfo
 0002:000199D0       FlatSB_SetScrollPos
 0001:0007276C       FlatSB_SetScrollProp
 0002:000199D8       FlatSB_SetScrollRange
 0002:000199C0       FlatSB_ShowScrollBar
 0001:000093FC       FloatToDecimal
 0001:0000973C       FloatToStr
 0001:0000979C       FloatToStrF
 0001:00008E34       FloatToText
 0001:00009108       FloatToTextFmt
 0001:00001C50       Flush
 0002:00000188       FMSecsPerDay
 0001:00042BE0       FMTBcd
 0002:000169B8       FMTBcdVariantType
 0001:00008D30       FmtStr
 0002:000173BC       FocusCount
 0002:000173B8       FocusMessages
 0002:00017140       FontCharsets
 0002:0001998C       FontManager
 0001:00008294       ForceDirectories
 0001:00079D78       ForegroundTask
 0001:00008D1C       Format
 0002:00000190       Format
 0001:00042ADC       FormatBcd
 0001:00008924       FormatBuf
 0001:00008918       FormatClearStr
 0001:00009864       FormatCurr
 0001:0000AAD0       FormatDateTime
 0001:0000889C       FormatError
 0002:0000016C       FormatErrorStrs
 0001:0000980C       FormatFloat
 0001:0003CEC8       FormatMaskText
 0001:00005C98       FormatMessage
 0001:00042724       FormatOneBcd
 0001:00026EF4       FormatToStr
 0001:000088F4       FormatVarToStr
 0001:00083F64       Forms
 0001:00001FA4       FPower10
 0002:00017274       FPrinter
 0001:0004144C       FractionToStr
 0001:000061A0       FrameRect
 0001:0000DF74       FreeAndNil
 0001:00000AC0       FreeCommitted
 0001:00000FE0       FreeCurAlloc
 0001:0008F630       FreeDeviceContext
 0001:0008F6EC       FreeDeviceContexts
 0001:00024CE8       FreeIntConstList
 0001:00005CA0       FreeLibrary
 0001:00000394       FreeLibrary
 0001:0006E25C       FreeMemoryContexts
 0001:0002543C       FreeObjectInstance
 0001:00005CC0       FreeResource
 0001:00000740       FreeSpace
 0001:0000D9A0       FreeTerminateProcs
 0001:00072A8C       FreeThemeLibrary
 0002:00019B58       FRichEditModule
 0002:00000720       FStrFMT
 0002:0000071C       FStrFMTs
 0001:000B8D98       FuncImpl
 0001:0000DA70       GDAL
 0001:0006CD14       GDICheck
 0001:0006CC6C       GDIError
 0001:00001BB4       Get8087CW
 0001:00005CC8       GetACP
 0001:000061A8       GetActiveWindow
 0001:000815A4       GetAnimation
 0001:00005F38       GetBitmapBits
 0001:000004C0       GetBlockDesc
 0001:00005F40       GetBrushOrgEx
 0001:000061B0       GetCapture
 0001:0008DE6C       GetCaptureControl
 0001:0001C480       GetClass
 0001:000061B8       GetClassInfo
 0001:000061C0       GetClassName
 0001:000061C8       GetClientRect
 0001:00005F48       GetClipBox
 0001:0000045C       GetCmdShow
 0001:0008411C       GetColor
 0001:000750FC       GetComCtlVersion
 0001:0000039C       GetCommandLine
 0001:0000090C       GetCommitted
 0001:0000099C       GetCommittedAt
 0001:0005F244       GetComponent
 0001:000B86D0       GetConfiguration
 0001:00094BAC       GetControlAtPos
 0001:00009F68       GetCount
 0001:00005CD0       GetCPInfo
 0001:000277FC       GetCPUType
 0001:00005F50       GetCurrentPositionEx
 0001:00005CD8       GetCurrentProcessId
 0002:00019A9C       GetCurrentThemeName
 0001:00005CE0       GetCurrentThreadId
 0001:0000044C       GetCurrentThreadId
 0001:00006564       GetCurrentTime
 0001:000061D0       GetCursor
 0001:0008376C       GetCursorHeightMargin
 0001:000061D8       GetCursorPos
 0001:00009F94       GetDate
 0001:00005CE8       GetDateFormat
 0001:0000AC60       GetDateOrder
 0001:000061E0       GetDC
 0001:000061E8       GetDCEx
 0001:00005F58       GetDCOrgEx
 0001:00070D54       GetDefFontCharSet
 0001:0001DC14       GetDesigner
 0001:000061F0       GetDesktopWindow
 0001:00005F70       GetDeviceCaps
 0001:0006DC5C       GetDIB
 0001:00005F60       GetDIBColorTable
 0001:00005F68       GetDIBits
 0001:0006DBA4       GetDIBSizes
 0001:0006CE84       GetDInColors
 0001:00005CF0       GetDiskFreeSpaceA
 0002:00000140       GetDiskFreeSpaceEx
 0001:0009B164       GetDockAlign
 0001:0008E814       GetDockSiteAtPos
 0001:000A5A48       GetDOM
 0001:000A58A0       GetDOMNodeEx
 0001:000A5978       GetDOMVendor
 0001:0008EB40       GetDropCtl
 0001:00002624       GetDynaMethod
 0001:00018C98       GetEnumName
 0001:00018D70       GetEnumNameValue
 0001:00018FEC       GetEnumProp
 0001:00018DBC       GetEnumValue
 0001:0000BDD4       GetEraNamesAndYearOffsets
 0001:0000ACF4       GetEraYearOffset
 0001:00019C8C       GetErrorInfo
 0001:0000C770       GetExceptionClass
 0001:0000C954       GetExceptionObject
 0001:00005CF8       GetExitCodeThread
 0001:0001C408       GetFieldClassTable
 0001:00005D00       GetFileAttributes
 0001:0000CBC4       GetFileVersion
 0001:00005EA8       GetFileVersionInfo
 0001:00005EB0       GetFileVersionInfoSize
 0001:0005CAE0       GetFilterStr
 0001:00019714       GetFloatProp
 0001:000061F8       GetFocus
 0001:0006B848       GetFontData
 0001:00006200       GetForegroundWindow
 0001:00042A18       GetFormat
 0001:0000D424       GetFormatSettings
 0001:0005E4CC       GetFromDataFactory
 0001:0005E574       GetFromProperty
 0001:00005D08       GetFullPathName
 0001:00028CA4       GetHashClass
 0001:0006ADB4       GetHashCode
 0001:00028D90       GetHashName
 0001:0007EB1C       GetHelpInfo
 0001:00071B40       GetHelpSystem
 0001:00081388       GetHint
 0001:000813C0       GetHintControl
 0001:0008BA70       GetHotkey
 0001:00006208       GetIconInfo
 0001:000436A8       GetIDsOfNames
 0001:00067A04       GetIdx
 0001:00019AF0       GetInt64Prop
 0001:00006220       GetKeyboardLayout
 0001:00006228       GetKeyboardLayoutList
 0001:00006230       GetKeyboardState
 0001:00002290       GetKeyboardType
 0001:00006210       GetKeyNameText
 0001:00006218       GetKeyState
 0001:00006238       GetLastActivePopup
 0001:0009942C       GetLastChildZone
 0001:00005D10       GetLastError
 0001:0000BB98       GetLocaleChar
 0001:00005D20       GetLocaleInfo
 0001:000003A4       GetLocaleInfo
 0001:0000BB4C       GetLocaleStr
 0001:00005D18       GetLocalTime
 0001:0008DE28       GetLongHint
 0001:000193BC       GetLongStrProp
 0001:00006240       GetMenu
 0001:0007EAA4       GetMenuHelpContext
 0001:00006248       GetMenuItemCount
 0001:00006250       GetMenuItemID
 0001:00006258       GetMenuItemInfo
 0001:00088BC0       GetMenuSize
 0001:00006260       GetMenuState
 0001:00006268       GetMenuString
 0001:000003AC       GetModuleFileName
 0001:00005D28       GetModuleFileName
 0001:00005D30       GetModuleHandle
 0001:000003B4       GetModuleHandle
 0002:00019918       GetMonitorInfo
 0002:0001991C       GetMonitorInfoA
 0002:00019920       GetMonitorInfoW
 0001:0000BBFC       GetMonthDayNames
 0001:000A0568       GetMSNode
 0001:000B6E68       GetNextSentShortMessage
 0001:000B73C8       GetNextSentShortMessageEX
 0001:00006270       GetNextWindow
 0001:00005F78       GetObject
 0001:00058E64       GetObjectContext
 0002:00016CBC       GetObjectContextProc
 0001:00018F1C       GetOrdProp
 0001:00005F80       GetPaletteEntries
 0001:00001A48       GetParamStr
 0001:00006278       GetParent
 0001:00079F70       GetParentForm
 0001:00005F88       GetPixel
 0001:00005D38       GetPrivateProfileString
 0001:00005D40       GetProcAddress
 0001:000003BC       GetProcAddress
 0001:00006280       GetProp
 0001:00018E20       GetPropInfo
 0001:00018618       GetPropInfo
 0001:00018E90       GetPropInfo
 0001:00018638       GetPropInfo
 0001:00018EC8       GetPropInfos
 0001:00018658       GetPropValue
 0001:0007A430       GetRealScrollPosition
 0001:000840FC       GetRGBColor
 0001:00006288       GetScrollInfo
 0001:00006290       GetScrollPos
 0001:00006298       GetScrollRange
 0001:00019060       GetSetProp
 0001:00027084       GetShortClassName
 0001:0008DDE4       GetShortHint
 0001:000B603C       GetShortMessage
 0001:000B6528       GetShortMessageEX
 0001:000192B4       GetShortStrProp
 0001:0001934C       GetShortStrPropAsLongStr
 0001:00000664       GetSpace
 0001:000006C8       GetSpaceAt
 0001:0008664C       GetSpecialName
 0001:0005846C       GetSQLToken
 0001:000003C4       GetStartupInfo
 0001:0005C9C4       GetStates
 0001:00005D48       GetStdHandle
 0001:00000334       GetStdHandle
 0001:00005F90       GetStockObject
 0001:00005D50       GetStringTypeEx
 0001:000194EC       GetStrProp
 0001:000062A0       GetSubMenu
 0001:000062A8       GetSysColor
 0001:000062B0       GetSysColorBrush
 0001:00005D58       GetSystemInfo
 0001:000062B8       GetSystemMenu
 0001:000062C0       GetSystemMetrics
 0002:00019908       GetSystemMetrics
 0001:00005F98       GetSystemPaletteEntries
 0001:00005D60       GetSystemTime
 0001:00058C20       GetTableNameFromSQL
 0001:000277CC       GetTestVector
 0001:00005FA0       GetTextExtentPoint32
 0001:00005FA8       GetTextMetrics
 0002:00019A94       GetThemeAppProperties
 0002:00019A00       GetThemeBackgroundContentRect
 0002:00019A04       GetThemeBackgroundExtent
 0002:00019A14       GetThemeBackgroundRegion
 0002:00019A38       GetThemeBool
 0002:00019A2C       GetThemeColor
 0002:00019AA0       GetThemeDocumentationProperty
 0002:00019A40       GetThemeEnumValue
 0002:00019A60       GetThemeFilename
 0002:00019A48       GetThemeFont
 0002:00019A3C       GetThemeInt
 0002:00019A54       GetThemeIntList
 0002:00019A50       GetThemeMargins
 0002:00019A30       GetThemeMetric
 0002:00019A08       GetThemePartSize
 0002:00019A44       GetThemePosition
 0002:00019A58       GetThemePropertyOrigin
 0002:00019A4C       GetThemeRect
 0002:00019A34       GetThemeString
 0002:00019A6C       GetThemeSysBool
 0002:00019A64       GetThemeSysColor
 0002:00019A68       GetThemeSysColorBrush
 0002:00019A74       GetThemeSysFont
 0002:00019A7C       GetThemeSysInt
 0002:00019A70       GetThemeSysSize
 0002:00019A78       GetThemeSysString
 0002:00019A0C       GetThemeTextExtent
 0002:00019A10       GetThemeTextMetrics
 0001:00005D68       GetThreadLocale
 0001:000003CC       GetThreadLocale
 0001:00005D70       GetTickCount
 0001:00009FCC       GetTime
 0001:0000592C       GetTlsSize
 0001:00081B54       GetTopMostWindows
 0001:0008DF74       GetTopParent
 0001:000062C8       GetTopWindow
 0001:00018C8C       GetTypeData
 0001:0005D88C       GetUserName
 0001:000B7A08       GetUSSDData
 0001:000B7E84       GetUssdSessions
 0001:0003F0A0       GetValueAndMultiplyOrder
 0001:00016588       GetVarDataArrayInfo
 0001:00019A38       GetVariantProp
 0001:00005D78       GetVersion
 0001:00000454       GetVersion
 0001:00005D80       GetVersionEx
 0001:00019558       GetWideStrProp
 0001:0001943C       GetWideStrPropAsLongStr
 0001:000062D0       GetWindow
 0001:000062D8       GetWindowDC
 0001:000062E0       GetWindowLong
 0001:00005FB0       GetWindowOrgEx
 0001:000062E8       GetWindowPlacement
 0001:000062F0       GetWindowRect
 0001:000062F8       GetWindowText
 0002:00019A88       GetWindowTheme
 0001:00006300       GetWindowThreadProcessId
 0001:00006308       GetWindowThreadProcessId
 0001:00005D88       GlobalAddAtom
 0001:00005D90       GlobalAlloc
 0001:00006578       GlobalAllocPtr
 0001:00005D98       GlobalDeleteAtom
 0001:00005DA0       GlobalFindAtom
 0002:0001986C       GlobalFixupList
 0001:000207D4       GlobalFixupReferences
 0001:00005DA8       GlobalFree
 0001:000065A4       GlobalFreePtr
 0001:00005DB8       GlobalHandle
 0001:00005DB0       GlobalLock
 0002:00019900       GlobalMalloc
 0002:00019850       GlobalNameSpace
 0001:00005DC0       GlobalReAlloc
 0001:00006588       GlobalReAllocPtr
 0001:00005DC8       GlobalUnlock
 0002:00007EC4       Gost_Data
 0001:0003900C       GP8
 0001:00071218       Graphics
 0001:0001C5FC       GroupDescendentsWith
 0002:00000610       GUID_NULL
 0001:0000FAC8       HandleConversionException
 0001:0007ED24       HandleEdge
 0001:00021C38       HandleException
 0001:00042D7C       HandleSafeCallException
 0001:0003592C       Hash
 0001:00028C78       HashList
 0002:00000724       Haval_Data
 0002:00000924       Haval_Offset
 0001:0003C54C       HCMngr
 0002:00000024       HeapAllocFlags
 0002:000195C8       heapErrorCode
 0002:000195CC       heapLock
 0001:000726E8       HelpIntfs
 0002:000199B0       HelpManager
 0002:00019AE4       HelpMsg
 0002:00019B7C       HelpViewer
 0002:00019B80       HelpViewerIntf
 0002:0000013C       HexDisplayPrefix
 0001:00023580       HexToBin
 0001:0009B1E0       HideZone
 0002:00019668       HInstance
 0002:00019B9C       HintDoneEvent
 0001:00081490       HintGetMsgHook
 0002:00019BA0       HintHook
 0001:00081434       HintMouseThread
 0002:00019BA4       HintThread
 0002:00019B98       HintThreadID
 0001:000813E0       HintTimerProc
 0002:000173B0       HintWindowClass
 0002:00019A18       HitTestThemeBackground
 0001:000814D4       HookHintHooks
 0001:000066B0       HwndMSWheel
 0002:0001756C       IBreaks
 0002:00017578       IChecks
 0001:00038080       IDEAInv
 0001:00037F20       IDEAMul
 0002:00017580       IDefaults
 0001:0006B838       IdentToCharset
 0001:0006B630       IdentToColor
 0001:0008DDD4       IdentToCursor
 0001:0001C7E4       IdentToInt
 0002:00017588       IEnables
 0001:00089964       IfHotkeyAvailable
 0002:00016CCC       IID_IObjectContext
 0002:00019BB0       ImageListWriteExProc
 0001:000715E4       ImageList_Add
 0001:00071604       ImageList_AddIcon
 0001:00071628       ImageList_BeginDrag
 0001:000715CC       ImageList_Create
 0001:000715D4       ImageList_Destroy
 0001:00071638       ImageList_DragEnter
 0001:00071640       ImageList_DragLeave
 0001:00071648       ImageList_DragMove
 0001:00071658       ImageList_DragShowNolock
 0001:00071610       ImageList_Draw
 0001:00071618       ImageList_DrawEx
 0001:00071630       ImageList_EndDrag
 0001:000715FC       ImageList_GetBkColor
 0001:00071660       ImageList_GetDragImage
 0001:00071678       ImageList_GetIconSize
 0001:000715DC       ImageList_GetImageCount
 0001:00071668       ImageList_Read
 0001:00071620       ImageList_Remove
 0001:000715EC       ImageList_ReplaceIcon
 0001:000715F4       ImageList_SetBkColor
 0001:00071650       ImageList_SetDragCursorImage
 0001:00071680       ImageList_SetIconSize
 0001:00071670       ImageList_Write
 0002:000174DC       Images
 0001:00085684       ImgList
 0001:000716F0       Imm
 0002:00017708       IMM32DLL
 0001:0009BDD0       Imm32IsIME
 0002:0000018C       IMSecsPerDay
 0001:0000FBB4       InBounds
 0001:0000FF58       InBounds
 0001:0000D00C       IncludeTrailingPathDelimiter
 0001:0000FF88       Increment
 0001:0000FBE4       Increment
 0002:00016968       IncrementAmount
 0001:00006310       InflateRect
 0001:00074EF0       IniFiles
 0001:00000B4C       InitAllocator
 0001:00069678       InitAnApi
 0002:00019930       InitApis
 0001:00043AEC       InitComObj
 0001:0001CA8C       InitComponent
 0002:00019638       InitContext
 0001:0009BE6C       InitControls
 0001:00070D98       InitDefFontData
 0001:0000DB00       InitDriveSpacePtr
 0001:0000CA30       InitExceptions
 0001:000727C8       InitFlatSB
 0001:00073AC0       InitGlobals
 0001:0006DA5C       InitializeBitmapInfoHeader
 0001:000614AC       InitializeConnection
 0001:000004A0       InitializeCriticalSection
 0001:00005DD0       InitializeCriticalSection
 0002:000195C4       initialized
 0001:000727A0       InitializeFlatSB
 0001:00061154       InitializeMasterFields
 0001:00005A30       InitializeModule
 0001:00061630       InitializeRecordset
 0001:0000EAAC       InitializeVarUtils
 0001:0009BA70       InitIMM32
 0001:0001CB34       InitInheritedComponent
 0001:00038720       InitKey
 0001:0000D238       InitLeadBytes
 0001:0003AE08       InitLog
 0001:00069D54       InitMultiMonStubs
 0001:00060CC4       InitParameters
 0001:0000CB34       InitPlatformId
 0002:00019044       InitProc
 0001:00005978       InitProcessTLS
 0001:00083E7C       InitProcs
 0001:00070D1C       InitScreenLogPixels
 0001:0000D2B0       InitSysLocale
 0001:000386C4       InitTab
 0002:00000704       InitTestIsOk
 0001:00072C4C       InitThemeLibrary
 0001:000235D8       InitThreadSynchronization
 0001:00005934       InitThreadTLS
 0001:00002F54       InitUnits
 0001:0008DAB8       InitWndProc
 0001:0006815C       InMTSTransaction
 0002:000176A8       InnerStyles
 0002:00019050       Input
 0001:00080EB8       InsertBefore
 0001:00093454       InsertBefore
 0001:000A8BB4       InsertFormattingNode
 0001:00000F58       InsertFree
 0001:00089A18       InsertHotkeyFarEastFormat
 0001:00006318       InsertMenu
 0001:00006320       InsertMenuItem
 0002:0001988C       InstBlockList
 0002:00019890       InstFreeList
 0001:00015934       Int64Compare
 0001:00014F80       Int64Op
 0001:00015920       IntCompare
 0002:00019860       IntConstList
 0001:00005CA8       InterlockedDecrement
 0001:0000DB68       InterlockedDecrement
 0001:00000444       InterlockedDecrement
 0001:00005CB0       InterlockedExchange
 0001:0000DB74       InterlockedExchange
 0001:0000DB7C       InterlockedExchangeAdd
 0001:00005CB8       InterlockedIncrement
 0001:0000DB5C       InterlockedIncrement
 0001:0000043C       InterlockedIncrement
 0001:0006AD40       InternalDeletePalette
 0001:00001C08       InternalFlush
 0001:00000DB4       InternalFreeMem
 0001:0006DBAC       InternalGetDIB
 0001:0006DB40       InternalGetDIBSizes
 0001:0001C924       InternalReadComponentRes
 0002:00019B64       InternalServices
 0001:00003860       InternalUniqueString
 0001:00005FB8       IntersectClipRect
 0001:00006328       IntersectRect
 0001:00014E68       IntOp
 0001:00007E6C       IntToHex
 0001:0001C824       IntToIdent
 0001:00007E44       IntToStr
 0001:00007D58       IntToStr
 0001:00006330       InvalidateRect
 0001:000405C8       InvalidBcdString
 0001:0006CC00       InvalidBitmap
 0001:0006CBE8       InvalidGraphic
 0001:0006CC0C       InvalidIcon
 0001:0006CBD0       InvalidOperation
 0001:0001B990       InvalidPoint
 0002:0001979C       InvalidPointer
 0001:000024DC       InvokeImplGetter
 0001:000019E8       IOResult
 0002:000175A8       IOwnerDraw
 0002:00017590       IRadios
 0002:000175A0       IRTL
 0001:00079F00       IsAccel
 0001:0008ABC8       IsAccelChar
 0002:00019A84       IsAppThemed
 0001:00005DD8       IsBadWritePtr
 0001:000416E4       IsBcdNegative
 0001:000416EC       IsBcdZero
 0001:0008E5CC       IsBeforeTargetWindow
 0001:00006338       IsChild
 0001:00058D7C       IsComPlusPlatform
 0002:0001904C       IsConsole
 0001:0008EA28       IsDelphiHandle
 0001:00006340       IsDialogMessage
 0001:00016B58       IsDynArrayRectangular
 0002:00017598       ISeparators
 0001:00006348       IsIconic
 0001:0008AC24       IsInitialChar
 0001:00009B8C       IsLeapYear
 0002:00019038       IsLibrary
 0001:0005F328       IsLiteral
 0001:0003CB30       IsLiteralChar
 0002:0001904D       IsMultiThread
 0001:00026BCC       IsObject
 0002:00016E80       IsolationLevelValues
 0001:00098E90       IsOrientationSet
 0001:0000CFD8       IsPathDelimiter
 0001:000A5620       IsPrefixed
 0001:00006350       IsRectEmpty
 0001:0008E7D0       IsSiteChildOfClient
 0001:0003D40C       IsSQLTimeStampBlank
 0001:0003DDD4       IsSqlTimeStampValid
 0002:00019A80       IsThemeActive
 0002:00019A28       IsThemeBackgroundPartiallyTransparent
 0002:00019A90       IsThemeDialogTextureEnabled
 0002:00019A24       IsThemePartDefined
 0001:0001C900       IsUniqueGlobalComponentName
 0002:00019854       IsUniqueGlobalComponentNameProc
 0001:00007CA8       IsValidIdent
 0001:0000D298       IsWesternGroup
 0001:00006358       IsWindow
 0001:00006360       IsWindowEnabled
 0001:00006368       IsWindowVisible
 0001:00006370       IsZoomed
 0001:00086A18       Iterate
 0001:00086A78       IterateMenus
 0002:0000002C       JITEnable
 0001:00079EB4       KeyboardStateToShiftState
 0001:00079E78       KeyDataToShiftState
 0001:00079E24       KeysToShiftState
 0001:00006378       KillTimer
 0001:000084B8       LastDelimiter
 0001:0000D1C4       LCIDToCodePage
 0001:00005754       LCIDToCodePage
 0002:0000011C       LeadBytes
 0001:00005DE0       LeaveCriticalSection
 0001:000004B0       LeaveCriticalSection
 0001:0003EFB0       LeftTrim
 0002:000179EC       LegacyTypeNames
 0002:00000034       LibModuleList
 0001:00005FC0       LineTo
 0001:00075054       ListActns
 0001:0008F5B8       ListAdd
 0001:0008F5E0       ListRemove
 0002:00019752       ListSeparator
 0002:000005EC       LNextVarType
 0001:00006380       LoadBitmap
 0001:0004312C       LoadComExProcs
 0001:00006388       LoadCursor
 0001:0005F994       LoadFromStreamPersist
 0001:0005398C       LoadFromStreamPersist
 0001:0005F9F4       LoadFromStrings
 0001:000539EC       LoadFromStrings
 0001:00006390       LoadIcon
 0001:00006398       LoadKeyboardLayout
 0001:00005DE8       LoadLibrary
 0001:000003D4       LoadLibraryEx
 0001:00058DAC       LoadMtsProcs
 0001:00005DF0       LoadResource
 0001:00004E40       LoadResourceModule
 0001:000056FC       LoadResString
 0001:000AE920       LoadSQL
 0001:000063A0       LoadString
 0001:000003DC       LoadString
 0001:000058F0       LocalAlloc
 0001:00000480       LocalAlloc
 0001:00000488       LocalFree
 0001:000058F8       LocalFree
 0001:0000BBC0       LocalGetLocaleStr
 0002:00019AB8       Lock
 0001:00005DF8       LockResource
 0002:00016EA4       LockTypeValues
 0001:000AF408       LogDebug
 0001:000AF5A0       LogError
 0002:000198D8       LoginDialogExProc
 0001:000AF4D4       LogInformation
 0002:00019C48       LogManager
 0001:0009D9A0       LogUnit
 0002:00019694       LongDateFormat
 0002:00019728       LongDayNames
 0002:000196DC       LongMonthNames
 0002:000196A8       LongTimeFormat
 0001:0004B7D4       LookupStored
 0001:00007940       LowerCase
 0001:00005EA0       lstrcpy
 0001:000003E4       lstrcpyn
 0002:00019828       LVarTypes
 0002:0001982C       LVarTypeSync
 0002:00019030       MainInstance
 0002:00019034       MainThreadID
 0001:00000510       MakeEmpty
 0001:00003108       MakeErrorMessage
 0002:000176F4       MakeLast
 0001:00006558       MakeLong
 0001:000A0540       MakeNamedNodeMap
 0001:000A048C       MakeNode
 0001:000A0518       MakeNodeList
 0001:000A56C0       MakeNodeName
 0001:000253A4       MakeObjectInstance
 0001:000065B8       MakeROP4
 0001:000065F0       MakeWParam
 0001:0000C6F0       MapException
 0001:00074FC4       Mapi
 0002:00017328       MAPIDLL
 0002:0001732C       MAPIModule
 0001:00002D6C       MapToRunError
 0001:000063A8       MapVirtualKey
[...]
   248 0001:000B11E6   251 0001:000B11ED   253 0001:000B1201   257 0001:000B1214
   258 0001:000B1240   260 0001:000B13A4   260 0001:000B13AB

Line numbers for Facade(Classes\Facade.pas) segment .text

   203 0001:000B141C   204 0001:000B1429   205 0001:000B1434   206 0001:000B1442
   208 0001:000B1453   210 0001:000B1465   211 0001:000B1473   212 0001:000B147A
   215 0001:000B1481   218 0001:000B148A   220 0001:000B149E   222 0001:000B14B4
   225 0001:000B14BC   226 0001:000B14F1   227 0001:000B14FF   228 0001:000B150C
   229 0001:000B1522   230 0001:000B1530   231 0001:000B153E   232 0001:000B1546
   233 0001:000B1550   234 0001:000B1586   237 0001:000B1590   238 0001:000B15A2
   239 0001:000B15AB   240 0001:000B15BC   242 0001:000B15CB   243 0001:000B15EF
   246 0001:000B1600   247 0001:000B160B   248 0001:000B1613   249 0001:000B161B
   250 0001:000B1632   256 0001:000B1638   257 0001:000B165C   258 0001:000B1667
   259 0001:000B1675   260 0001:000B1682   262 0001:000B1686   263 0001:000B168D
   271 0001:000B1697   272 0001:000B16AB   273 0001:000B16CE   274 0001:000B16F4
   275 0001:000B16FD   277 0001:000B1704   278 0001:000B1714   279 0001:000B1721
   280 0001:000B1723   282 0001:000B1735   284 0001:000B1773   291 0001:000B177C
   292 0001:000B17AF   293 0001:000B17BA   294 0001:000B17C8   295 0001:000B17D6
   296 0001:000B17E4   298 0001:000B17EA   299 0001:000B17F1   358 0001:000B1800
   359 0001:000B1815   360 0001:000B1839   361 0001:000B1852   362 0001:000B186B
   363 0001:000B1884   364 0001:000B189D   365 0001:000B18B6   366 0001:000B18CF
   367 0001:000B18E8   368 0001:000B1901   369 0001:000B191A   370 0001:000B1933
   376 0001:000B194C   378 0001:000B1954   380 0001:000B198B   381 0001:000B19BA
   382 0001:000B19EA   383 0001:000B1A1A   385 0001:000B1A6C   387 0001:000B1A79
   389 0001:000B1AA7   392 0001:000B1AAE   396 0001:000B1AC2   399 0001:000B1AE5
   401 0001:000B1B6E   409 0001:000B1B78   411 0001:000B1BD3   412 0001:000B1BDE
   413 0001:000B1BEC   414 0001:000B1BFA   415 0001:000B1C08   417 0001:000B1C0E
   418 0001:000B1C15   427 0001:000B1C24   428 0001:000B1C39   429 0001:000B1C5D
   430 0001:000B1C84   431 0001:000B1CAB   433 0001:000B1CB9   437 0001:000B1CE2
   439 0001:000B1D06   440 0001:000B1D2F   441 0001:000B1D5C   442 0001:000B1D89
   443 0001:000B1DB6   444 0001:000B1DE4   445 0001:000B1E23   446 0001:000B1E51
   447 0001:000B1E81   448 0001:000B1EB2   449 0001:000B1ECB   451 0001:000B1ED3
   452 0001:000B1F0E   453 0001:000B1F12   456 0001:000B1F19   457 0001:000B1F1D
   459 0001:000B1F26   462 0001:000B1F36   465 0001:000B1F59   467 0001:000B1FE8
   475 0001:000B1FF4   476 0001:000B204F   477 0001:000B205A   478 0001:000B2068
   479 0001:000B2076   480 0001:000B2084   482 0001:000B208A   483 0001:000B2091
   487 0001:000B20A0   488 0001:000B20B5   489 0001:000B20D9   490 0001:000B2100
   491 0001:000B2127   493 0001:000B2135   497 0001:000B215E   499 0001:000B2182
   500 0001:000B21AB   501 0001:000B21D8   502 0001:000B2205   503 0001:000B2232
   504 0001:000B2260   505 0001:000B229F   506 0001:000B22CD   507 0001:000B22FD
   508 0001:000B232E   509 0001:000B2347   511 0001:000B234F   512 0001:000B238A
   513 0001:000B238E   516 0001:000B2395   517 0001:000B2399   519 0001:000B23A2
   522 0001:000B23B2   525 0001:000B23D5   527 0001:000B2464   533 0001:000B2470
   534 0001:000B249A   535 0001:000B24A5   536 0001:000B24B3   537 0001:000B24C1
   538 0001:000B24CF   540 0001:000B24D5   541 0001:000B24DC   549 0001:000B24EB
   550 0001:000B2500   551 0001:000B2516   552 0001:000B252F   553 0001:000B2548
   554 0001:000B2561   555 0001:000B257A   556 0001:000B2593   557 0001:000B25AC
   559 0001:000B25B4   561 0001:000B25EB   562 0001:000B260C   563 0001:000B263B
   564 0001:000B266B   565 0001:000B269B   566 0001:000B26C2   568 0001:000B271A
   570 0001:000B2727   572 0001:000B2755   575 0001:000B275C   578 0001:000B2770
   581 0001:000B2793   583 0001:000B2817   590 0001:000B2820   591 0001:000B2831
   593 0001:000B2835   594 0001:000B283C   597 0001:000B2841   598 0001:000B284C
   599 0001:000B285A   600 0001:000B2868   601 0001:000B2876   603 0001:000B287C
   604 0001:000B2883   608 0001:000B2892   609 0001:000B28A7   611 0001:000B28AF
   612 0001:000B28BC   615 0001:000B28C9   617 0001:000B28CB   618 0001:000B28D3
   620 0001:000B28D9   621 0001:000B28DC   623 0001:000B28F0   618 0001:000B28F8
   625 0001:000B28FB   627 0001:000B2906   630 0001:000B290D   633 0001:000B2921
   636 0001:000B2944   638 0001:000B295A   646 0001:000B2964   647 0001:000B29AE
   648 0001:000B29B9   649 0001:000B29C7   650 0001:000B29D5   651 0001:000B29E3
   653 0001:000B29E9   654 0001:000B29F0   661 0001:000B29FF   662 0001:000B2A14
   663 0001:000B2A39   664 0001:000B2A60   665 0001:000B2A87   666 0001:000B2AAE
   667 0001:000B2AD7   668 0001:000B2B00   669 0001:000B2B29   670 0001:000B2B56
   671 0001:000B2B6F   673 0001:000B2B77   674 0001:000B2BB3   675 0001:000B2BB8
   678 0001:000B2BBF   679 0001:000B2BC3   681 0001:000B2BCC   684 0001:000B2BDC
   687 0001:000B2BFF   689 0001:000B2C73   701 0001:000B2C7C   703 0001:000B2CE7
   705 0001:000B2CF0   706 0001:000B2CF7   709 0001:000B2CFC   711 0001:000B2D0F
   712 0001:000B2D16   715 0001:000B2D1B   717 0001:000B2D24   719 0001:000B2D33
   720 0001:000B2D3A   722 0001:000B2D3F   723 0001:000B2D4E   725 0001:000B2D52
   726 0001:000B2D59   728 0001:000B2D5E   729 0001:000B2D72   731 0001:000B2D8D
   733 0001:000B2DB2   734 0001:000B2DB9   738 0001:000B2DBE   740 0001:000B2DC7
   741 0001:000B2DCE   744 0001:000B2DD3   745 0001:000B2DDE   746 0001:000B2DEC
   747 0001:000B2DFA   748 0001:000B2E08   750 0001:000B2E0E   751 0001:000B2E15
   754 0001:000B2E24   762 0001:000B2E35   763 0001:000B2E4A   764 0001:000B2E71
   765 0001:000B2E8A   766 0001:000B2EA3   767 0001:000B2EBC   768 0001:000B2ED5
   770 0001:000B2EDD   771 0001:000B2F0D   773 0001:000B2F11   774 0001:000B2F43
   775 0001:000B2F73   777 0001:000B2F79   778 0001:000B2F80   783 0001:000B2F8F
   784 0001:000B2F96   785 0001:000B2F9F   786 0001:000B2FA6   787 0001:000B2FAF
   788 0001:000B2FB6   790 0001:000B2FBF   792 0001:000B2FC6   803 0001:000B2FD5
   804 0001:000B2FEA   805 0001:000B300E   806 0001:000B303B   807 0001:000B3068
   809 0001:000B3076   813 0001:000B30A5   815 0001:000B30CF   816 0001:000B30FE
   817 0001:000B312B   818 0001:000B3158   819 0001:000B3185   820 0001:000B31B3
   821 0001:000B31E0   822 0001:000B320E   823 0001:000B323E   824 0001:000B326F
   825 0001:000B3288   827 0001:000B3290   828 0001:000B32CB   829 0001:000B32CF
   832 0001:000B32D6   833 0001:000B32DA   835 0001:000B32E3   838 0001:000B32F3
   841 0001:000B3316   843 0001:000B33D7   853 0001:000B33FC   854 0001:000B3458
   855 0001:000B3463   856 0001:000B3471   857 0001:000B347F   858 0001:000B348D
   860 0001:000B3493   861 0001:000B349A   864 0001:000B34A9   871 0001:000B34BA
   872 0001:000B34CF   873 0001:000B34F6   874 0001:000B350F   875 0001:000B3528
   876 0001:000B3541   877 0001:000B355A   879 0001:000B3562   880 0001:000B3592
   882 0001:000B3596   883 0001:000B35C8   884 0001:000B35F8   886 0001:000B35FE
   887 0001:000B3605   892 0001:000B3614   893 0001:000B361B   894 0001:000B3624
   895 0001:000B362B   896 0001:000B3634   897 0001:000B363B   899 0001:000B3644
   901 0001:000B364B   907 0001:000B365A   908 0001:000B366F   909 0001:000B3693
   910 0001:000B36BA   911 0001:000B36E7   913 0001:000B36F5   917 0001:000B3724
   919 0001:000B374E   920 0001:000B377D   921 0001:000B37AA   922 0001:000B37D7
   923 0001:000B3804   924 0001:000B3832   925 0001:000B3871   926 0001:000B38A0
   927 0001:000B38D0   928 0001:000B3901   929 0001:000B391A   931 0001:000B3922
   932 0001:000B395D   933 0001:000B3961   936 0001:000B3968   937 0001:000B396C
   939 0001:000B3975   942 0001:000B3985   945 0001:000B39A8   947 0001:000B3A6A
   955 0001:000B3A78   956 0001:000B3AAB   957 0001:000B3AB6   958 0001:000B3AC4
   959 0001:000B3AD2   960 0001:000B3AE0   962 0001:000B3AE6   963 0001:000B3AED
   972 0001:000B3AFC   973 0001:000B3B11   974 0001:000B3B35   975 0001:000B3B4E
   976 0001:000B3B67   977 0001:000B3B80   978 0001:000B3B99   979 0001:000B3BB2
   980 0001:000B3BCB   981 0001:000B3BE4   982 0001:000B3BFD   983 0001:000B3C16
   984 0001:000B3C2F   985 0001:000B3C48   987 0001:000B3C50   989 0001:000B3C87
   990 0001:000B3CB6   991 0001:000B3CE6   992 0001:000B3D16   993 0001:000B3D68
   995 0001:000B3D75   997 0001:000B3DA3   998 0001:000B3DFB  1000 0001:000B3E03
  1001 0001:000B3E30  1002 0001:000B3E6C  1003 0001:000B3EC4  1005 0001:000B3ECC
  1006 0001:000B3EF9  1007 0001:000B3F51  1009 0001:000B3F59  1010 0001:000B3F86
  1011 0001:000B3FDE  1013 0001:000B3FE6  1014 0001:000B4013  1016 0001:000B404F
  1019 0001:000B4056  1022 0001:000B406A  1025 0001:000B408D  1027 0001:000B4150
  1035 0001:000B4158  1036 0001:000B4193  1037 0001:000B419E  1038 0001:000B41AC
  1039 0001:000B41BA  1040 0001:000B41C8  1042 0001:000B41D0  1044 0001:000B41D6
  1045 0001:000B41DD  1048 0001:000B41EC  1050 0001:000B41F9  1051 0001:000B420E
  1052 0001:000B4232  1054 0001:000B423A  1056 0001:000B4249  1057 0001:000B4250
  1060 0001:000B425F  1061 0001:000B4274  1062 0001:000B4282  1064 0001:000B428F
  1065 0001:000B4296  1068 0001:000B42A2  1069 0001:000B42B0  1070 0001:000B42BE
  1072 0001:000B42C5  1074 0001:000B42D7  1077 0001:000B42FA  1079 0001:000B4347
  1082 0001:000B4360  1083 0001:000B4363  1085 0001:000B4369  1086 0001:000B436E
  1089 0001:000B4370  1090 0001:000B437D  1091 0001:000B4385  1092 0001:000B4389
  1093 0001:000B438B  1099 0001:000B439C  1100 0001:000B43C5  1102 0001:000B43CC
  1103 0001:000B43DA  1104 0001:000B43EB  1105 0001:000B43F9  1106 0001:000B4406
  1107 0001:000B4416  1108 0001:000B4421  1110 0001:000B443D  1113 0001:000B445C
  1114 0001:000B4486  1116 0001:000B44F0  1116 0001:000B44F7

Line numbers for FuncImpl(FuncImpl.pas) segment .text

   214 0001:000B44F8   216 0001:000B4523   217 0001:000B452A   218 0001:000B453A
   219 0001:000B4541   220 0001:000B4551   221 0001:000B458B   236 0001:000B45B8
   237 0001:000B45DE   239 0001:000B45E3   241 0001:000B45EA   242 0001:000B45F8
   244 0001:000B45FF   246 0001:000B460B   248 0001:000B4615   249 0001:000B4621
   252 0001:000B462D   254 0001:000B4646   255 0001:000B4657   256 0001:000B4668
   257 0001:000B4679   258 0001:000B468A   259 0001:000B469B   260 0001:000B46AC
   263 0001:000B46BD   266 0001:000B46C8   268 0001:000B46D1   269 0001:000B46D6
   272 0001:000B46DB   274 0001:000B46E4   275 0001:000B46E9   276 0001:000B46F5
   279 0001:000B46FA   281 0001:000B470B   282 0001:000B4716   283 0001:000B4721
   284 0001:000B4730   285 0001:000B473F   287 0001:000B4747   288 0001:000B4752
   291 0001:000B4762   293 0001:000B476A   294 0001:000B477E   295 0001:000B4792
   296 0001:000B47AD   300 0001:000B47CA   301 0001:000B47CF   303 0001:000B480D
   305 0001:000B4812   307 0001:000B4835   308 0001:000B4837   309 0001:000B4844
   312 0001:000B4882   314 0001:000B488A   319 0001:000B48A5   320 0001:000B48AA
   324 0001:000B48E8   326 0001:000B48EC   328 0001:000B4922   332 0001:000B4B9C
   333 0001:000B4BA8   334 0001:000B4BB2   335 0001:000B4BBC   336 0001:000B4BC6
   339 0001:000B4BE4   340 0001:000B4C0F   342 0001:000B4C18   343 0001:000B4C1D
   344 0001:000B4C29   347 0001:000B4C2E   348 0001:000B4C56   350 0001:000B4C5A
   353 0001:000B4C8A   355 0001:000B4CEB   358 0001:000B4DB8   359 0001:000B4DD2
   361 0001:000B4DDB   362 0001:000B4DE0   363 0001:000B4DEC   366 0001:000B4DEE
   368 0001:000B4E06   369 0001:000B4E0B   370 0001:000B4E17   373 0001:000B4E19
   374 0001:000B4E25   376 0001:000B4E29   379 0001:000B4E37   380 0001:000B4E7A
   396 0001:000B4F1C   397 0001:000B4F3F   399 0001:000B4F48   400 0001:000B4F4D
   401 0001:000B4F59   404 0001:000B4F5E   406 0001:000B4F76   407 0001:000B4F7B
   408 0001:000B4F87   411 0001:000B4F8C   413 0001:000B4F9A   415 0001:000B4FBC
   419 0001:000B4FD5   422 0001:000B4FDD   423 0001:000B4FE7   424 0001:000B4FF9
   433 0001:000B505E   435 0001:000B5062   440 0001:000B50CD   444 0001:000B517C
   446 0001:000B517E   447 0001:000B5183   452 0001:000B5259   472 0001:000B546C
   473 0001:000B5490   475 0001:000B5499   476 0001:000B549E   477 0001:000B54AA
   480 0001:000B54AF   482 0001:000B54BA   483 0001:000B54BF   484 0001:000B54CB
   487 0001:000B54D0   489 0001:000B54DE   491 0001:000B5500   495 0001:000B5519
   498 0001:000B5521   499 0001:000B552B   500 0001:000B553D   513 0001:000B55B9
   515 0001:000B55BD   520 0001:000B5632   524 0001:000B56FA   526 0001:000B56FC
   527 0001:000B5701   532 0001:000B57F0   548 0001:000B5A64   549 0001:000B5A87
   551 0001:000B5A90   552 0001:000B5A95   553 0001:000B5AA1   556 0001:000B5AA6
   558 0001:000B5ABE   559 0001:000B5AC3   560 0001:000B5ACF   563 0001:000B5AD4
   565 0001:000B5AE2   567 0001:000B5B04   571 0001:000B5B1D   574 0001:000B5B25
   575 0001:000B5B2F   576 0001:000B5B41   580 0001:000B5BA6   582 0001:000B5BAA
   587 0001:000B5C1F   591 0001:000B5CE4   593 0001:000B5CE6   594 0001:000B5CEB
   599 0001:000B5DD7   616 0001:000B603C   617 0001:000B6073   619 0001:000B607C
   620 0001:000B6081   621 0001:000B608D   624 0001:000B6092   626 0001:000B60AA
   627 0001:000B60AF   628 0001:000B60BB   632 0001:000B60C0   633 0001:000B60CE
   634 0001:000B60D9   635 0001:000B60F7   637 0001:000B60FF   638 0001:000B6104
   639 0001:000B6117   640 0001:000B6124   641 0001:000B6137   642 0001:000B6144
   643 0001:000B615A   644 0001:000B6167   645 0001:000B617A   646 0001:000B6190
   647 0001:000B619D   648 0001:000B61C2   649 0001:000B61CF   650 0001:000B61D1
   651 0001:000B61EC   652 0001:000B6207   653 0001:000B6214   655 0001:000B622B
   657 0001:000B6247   661 0001:000B6295   662 0001:000B629D   666 0001:000B6304
   668 0001:000B6306   669 0001:000B630B   673 0001:000B6382   703 0001:000B6528
   704 0001:000B6565   706 0001:000B656E   707 0001:000B6573   708 0001:000B657F
   711 0001:000B6584   713 0001:000B658F   714 0001:000B6594   715 0001:000B65A0
   719 0001:000B65A5   720 0001:000B65B3   723 0001:000B65BE   726 0001:000B65F4
   728 0001:000B65FC   729 0001:000B6601   730 0001:000B6614   731 0001:000B6621
   732 0001:000B6634   733 0001:000B6641   734 0001:000B6657   735 0001:000B6664
   736 0001:000B6677   737 0001:000B668D   738 0001:000B669A   739 0001:000B66BF
   741 0001:000B66CC   742 0001:000B66E2   743 0001:000B66EF   744 0001:000B6705
   746 0001:000B6712   747 0001:000B6714   748 0001:000B672F   749 0001:000B674A
   750 0001:000B6757   752 0001:000B6773   754 0001:000B678F   755 0001:000B6797
   756 0001:000B67B3   757 0001:000B67BB   758 0001:000B67C3   759 0001:000B67CB
   761 0001:000B67E7   766 0001:000B6841   767 0001:000B6849   771 0001:000B68BC
   773 0001:000B68BE   774 0001:000B68C3   778 0001:000B694A   790 0001:000B6B40
   791 0001:000B6B68   793 0001:000B6B71   794 0001:000B6B76   795 0001:000B6B82
   798 0001:000B6B87   800 0001:000B6B9F   801 0001:000B6BA4   802 0001:000B6BB0
   805 0001:000B6BB5   806 0001:000B6BC3   807 0001:000B6BDA   809 0001:000B6BF1
   811 0001:000B6C0C   813 0001:000B6C10   817 0001:000B6C46   820 0001:000B6C9C
   822 0001:000B6C9E   823 0001:000B6CA3   827 0001:000B6D1A   857 0001:000B6E68
   858 0001:000B6EA4   860 0001:000B6EAD   861 0001:000B6EB2   862 0001:000B6EBE
   865 0001:000B6EC3   867 0001:000B6EDB   868 0001:000B6EE0   869 0001:000B6EEC
   872 0001:000B6EF1   874 0001:000B6F0A   875 0001:000B6F0C   877 0001:000B6F39
   879 0001:000B6F41   881 0001:000B6F46   883 0001:000B6F60   885 0001:000B6F7A
   887 0001:000B6F94   889 0001:000B6FAE   891 0001:000B6FC8   893 0001:000B6FE2
   895 0001:000B6FFC   898 0001:000B7028   899 0001:000B702A   900 0001:000B7046
   901 0001:000B7062   902 0001:000B706F   903 0001:000B708B   904 0001:000B70A7
   905 0001:000B70C3   906 0001:000B70DF   908 0001:000B70FB   913 0001:000B7152
   914 0001:000B715E   920 0001:000B71B9   921 0001:000B71BE   923 0001:000B721F
   959 0001:000B73C8   960 0001:000B73EA   962 0001:000B73F3   963 0001:000B73F8
   964 0001:000B7404   967 0001:000B7409   969 0001:000B7414   970 0001:000B7419
   971 0001:000B7425   974 0001:000B742A   976 0001:000B7443   977 0001:000B7445
   980 0001:000B7482   982 0001:000B748A   984 0001:000B748F   986 0001:000B74A9
   988 0001:000B74C3   990 0001:000B74DD   992 0001:000B74F7   994 0001:000B7511
   996 0001:000B752B   998 0001:000B7545  1000 0001:000B7571  1002 0001:000B758B
  1005 0001:000B75A5  1006 0001:000B75A7  1007 0001:000B75C3  1008 0001:000B75DF
  1009 0001:000B75EC  1010 0001:000B7608  1011 0001:000B7624  1012 0001:000B7640
  1013 0001:000B765C  1014 0001:000B7678  1015 0001:000B7694  1017 0001:000B76B0
  1022 0001:000B7714  1023 0001:000B7720  1029 0001:000B779A  1030 0001:000B779F
  1032 0001:000B7809  1047 0001:000B7A08  1048 0001:000B7A3C  1050 0001:000B7A45
  1051 0001:000B7A4A  1052 0001:000B7A56  1055 0001:000B7A5B  1057 0001:000B7A73
  1058 0001:000B7A78  1059 0001:000B7A84  1063 0001:000B7A89  1064 0001:000B7A97
  1065 0001:000B7AB9  1067 0001:000B7AC1  1068 0001:000B7AC6  1069 0001:000B7AD9
  1070 0001:000B7AE6  1071 0001:000B7AF9  1072 0001:000B7B06  1073 0001:000B7B1C
  1074 0001:000B7B29  1075 0001:000B7B3C  1076 0001:000B7B52  1077 0001:000B7B5F
  1078 0001:000B7B61  1079 0001:000B7B7C  1080 0001:000B7B97  1081 0001:000B7BB3
  1083 0001:000B7BCF  1087 0001:000B7C1F  1088 0001:000B7C27  1091 0001:000B7C90
  1093 0001:000B7C92  1094 0001:000B7C97  1097 0001:000B7D01  1100 0001:000B7E84
  1101 0001:000B7EA3  1103 0001:000B7EAC  1104 0001:000B7EB1  1105 0001:000B7EBD
  1108 0001:000B7EC2  1110 0001:000B7EDA  1111 0001:000B7EDF  1112 0001:000B7EEB
  1116 0001:000B7EF0  1117 0001:000B7EFE  1119 0001:000B7F10  1121 0001:000B7F14
  1124 0001:000B7F22  1126 0001:000B7F61  1128 0001:000B7F63  1129 0001:000B7F68
  1132 0001:000B7FBB  1143 0001:000B80BC  1144 0001:000B80F0  1146 0001:000B80F9
  1147 0001:000B80FE  1148 0001:000B810A  1151 0001:000B810F  1153 0001:000B8127
  1154 0001:000B812C  1155 0001:000B8138  1159 0001:000B813D  1160 0001:000B814B
  1162 0001:000B81A1  1164 0001:000B81A5  1169 0001:000B8203  1173 0001:000B8284
  1175 0001:000B8286  1176 0001:000B828B  1181 0001:000B8333  1186 0001:000B8504
  1187 0001:000B8520  1189 0001:000B8529  1190 0001:000B852E  1191 0001:000B853A
  1194 0001:000B853F  1196 0001:000B8557  1197 0001:000B855C  1198 0001:000B8568
  1201 0001:000B856A  1202 0001:000B8578  1203 0001:000B857B  1205 0001:000B8598
  1208 0001:000B85A2  1210 0001:000B85A6  1213 0001:000B85B4  1214 0001:000B85F7
  1217 0001:000B86D0  1218 0001:000B86D3  1219 0001:000B86D5  1222 0001:000B86DC
  1223 0001:000B86DF  1224 0001:000B86E1  1241 0001:000B86E8  1242 0001:000B870B
  1244 0001:000B8714  1245 0001:000B8719  1246 0001:000B8725  1249 0001:000B872A
  1251 0001:000B8735  1252 0001:000B873A  1253 0001:000B8746  1256 0001:000B874B
  1258 0001:000B8759  1260 0001:000B877B  1264 0001:000B8794  1267 0001:000B879C
  1268 0001:000B87A6  1269 0001:000B87B8  1273 0001:000B881F  1275 0001:000B8827
  1282 0001:000B88AB  1288 0001:000B898B  1290 0001:000B898D  1291 0001:000B8992
  1298 0001:000B8A99  1304 0001:000B8D60  1306 0001:000B8D93  1300 0001:000B8D98
  1301 0001:000B8DA1  1303 0001:000B8DA8

Line numbers for SMEntry(D:\Work\VSS\infoX-EIE\infoX-EIE API\V4.1D60\DLL\SPEntry\SMEntry.dpr) segment .text

    49 0001:000B90B4    50 0001:000B90C4

Bound resource files

c:\program files\borland\delphi7\Lib\Buttons.res
c:\program files\borland\delphi7\Lib\ExtDlgs.res
c:\program files\borland\delphi7\Lib\Controls.res
DataUnit.dfm
SMEntry.res
SMEntry.drf


Program entry point at 0001:000B90B4
